self=$$;  ( mysqldump --single-transaction --quick --lock-tables=false -u _3c69b8630e4b51d6 -p********** _3c69b8630e4b51d6 -h 127.0.0.1 -P 3306   || kill $self )  | /usr/bin/gzip >> ./mysite.localhost/private/backups/20250216_113004-mysite_localhost-database.sql.gz

Backup Summary for mysite.localhost at 2025-02-16 11:30:05.219121
Config  : ./mysite.localhost/private/backups/20250216_113004-mysite_localhost-site_config_backup.json 94.0B
Database: ./mysite.localhost/private/backups/20250216_113004-mysite_localhost-database.sql.gz         216.5KiB
Backup for Site mysite.localhost has been successfully completed
self=$$;  ( mysqldump --single-transaction --quick --lock-tables=false -u _3c69b8630e4b51d6 -p********** _3c69b8630e4b51d6 -h 127.0.0.1 -P 3306   || kill $self )  | /usr/bin/gzip >> ./mysite.localhost/private/backups/20250216_173011-mysite_localhost-database.sql.gz

Backup Summary for mysite.localhost at 2025-02-16 17:30:18.978736
Config  : ./mysite.localhost/private/backups/20250216_173011-mysite_localhost-site_config_backup.json 94.0B
Database: ./mysite.localhost/private/backups/20250216_173011-mysite_localhost-database.sql.gz         216.5KiB
Backup for Site mysite.localhost has been successfully completed
self=$$;  ( mysqldump --single-transaction --quick --lock-tables=false -u _3c69b8630e4b51d6 -p********** _3c69b8630e4b51d6 -h 127.0.0.1 -P 3306   || kill $self )  | /usr/bin/gzip >> ./mysite.localhost/private/backups/20250217_113007-mysite_localhost-database.sql.gz

Backup Summary for mysite.localhost at 2025-02-17 11:30:13.673148
Config  : ./mysite.localhost/private/backups/20250217_113007-mysite_localhost-site_config_backup.json 94.0B
Database: ./mysite.localhost/private/backups/20250217_113007-mysite_localhost-database.sql.gz         216.5KiB
Backup for Site mysite.localhost has been successfully completed
self=$$;  ( mysqldump --single-transaction --quick --lock-tables=false -u _3c69b8630e4b51d6 -p********** _3c69b8630e4b51d6 -h 127.0.0.1 -P 3306   || kill $self )  | /usr/bin/gzip >> ./mysite.localhost/private/backups/20250224_113014-mysite_localhost-database.sql.gz

Backup Summary for mysite.localhost at 2025-02-24 11:30:47.040411
Config  : ./mysite.localhost/private/backups/20250224_113014-mysite_localhost-site_config_backup.json 115.0B
Database: ./mysite.localhost/private/backups/20250224_113014-mysite_localhost-database.sql.gz         813.6KiB
Backup for Site mysite.localhost has been successfully completed
self=$$;  ( mysqldump --single-transaction --quick --lock-tables=false -u _3c69b8630e4b51d6 -p********** _3c69b8630e4b51d6 -h 127.0.0.1 -P 3306   || kill $self )  | /usr/bin/gzip >> ./mysite.localhost/private/backups/20250224_233011-mysite_localhost-database.sql.gz

Backup Summary for mysite.localhost at 2025-02-24 23:30:24.407587
Config  : ./mysite.localhost/private/backups/20250224_233011-mysite_localhost-site_config_backup.json 115.0B
Database: ./mysite.localhost/private/backups/20250224_233011-mysite_localhost-database.sql.gz         822.0KiB
Backup for Site mysite.localhost has been successfully completed
self=$$;  ( mysqldump --single-transaction --quick --lock-tables=false -u _3c69b8630e4b51d6 -p********** _3c69b8630e4b51d6 -h 127.0.0.1 -P 3306   || kill $self )  | /usr/bin/gzip >> ./mysite.localhost/private/backups/20250228_113009-mysite_localhost-database.sql.gz

Backup Summary for mysite.localhost at 2025-02-28 11:30:14.372504
Config  : ./mysite.localhost/private/backups/20250228_113009-mysite_localhost-site_config_backup.json 115.0B
Database: ./mysite.localhost/private/backups/20250228_113009-mysite_localhost-database.sql.gz         827.7KiB
Backup for Site mysite.localhost has been successfully completed
self=$$;  ( mysqldump --single-transaction --quick --lock-tables=false -u _3c69b8630e4b51d6 -p********** _3c69b8630e4b51d6 -h 127.0.0.1 -P 3306   || kill $self )  | /usr/bin/gzip >> ./mysite.localhost/private/backups/20250303_113014-mysite_localhost-database.sql.gz

Backup Summary for mysite.localhost at 2025-03-03 11:30:40.557733
Config  : ./mysite.localhost/private/backups/20250303_113014-mysite_localhost-site_config_backup.json 115.0B
Database: ./mysite.localhost/private/backups/20250303_113014-mysite_localhost-database.sql.gz         847.3KiB
Backup for Site mysite.localhost has been successfully completed
self=$$;  ( mysqldump --single-transaction --quick --lock-tables=false -u _3c69b8630e4b51d6 -p********** _3c69b8630e4b51d6 -h 127.0.0.1 -P 3306   || kill $self )  | /usr/bin/gzip >> ./mysite.localhost/private/backups/20250320_113008-mysite_localhost-database.sql.gz

Backup Summary for mysite.localhost at 2025-03-20 11:30:15.068216
Config  : ./mysite.localhost/private/backups/20250320_113008-mysite_localhost-site_config_backup.json 115.0B
Database: ./mysite.localhost/private/backups/20250320_113008-mysite_localhost-database.sql.gz         882.2KiB
Backup for Site mysite.localhost has been successfully completed
self=$$;  ( mysqldump --single-transaction --quick --lock-tables=false -u _3c69b8630e4b51d6 -p********** _3c69b8630e4b51d6 -h 127.0.0.1 -P 3306   || kill $self )  | /usr/bin/gzip >> ./mysite.localhost/private/backups/20250321_173010-mysite_localhost-database.sql.gz

Backup Summary for mysite.localhost at 2025-03-21 17:30:26.589384
Config  : ./mysite.localhost/private/backups/20250321_173010-mysite_localhost-site_config_backup.json 115.0B
Database: ./mysite.localhost/private/backups/20250321_173010-mysite_localhost-database.sql.gz         888.7KiB
Backup for Site mysite.localhost has been successfully completed
self=$$;  ( mysqldump --single-transaction --quick --lock-tables=false -u _3c69b8630e4b51d6 -p********** _3c69b8630e4b51d6 -h 127.0.0.1 -P 3306   || kill $self )  | /usr/bin/gzip >> ./mysite.localhost/private/backups/20250322_113007-mysite_localhost-database.sql.gz

Backup Summary for mysite.localhost at 2025-03-22 11:30:12.982087
Config  : ./mysite.localhost/private/backups/20250322_113007-mysite_localhost-site_config_backup.json 115.0B
Database: ./mysite.localhost/private/backups/20250322_113007-mysite_localhost-database.sql.gz         898.0KiB
Backup for Site mysite.localhost has been successfully completed
self=$$;  ( mysqldump --single-transaction --quick --lock-tables=false -u _3c69b8630e4b51d6 -p********** _3c69b8630e4b51d6 -h 127.0.0.1 -P 3306   || kill $self )  | /usr/bin/gzip >> ./mysite.localhost/private/backups/20250322_173011-mysite_localhost-database.sql.gz

Backup Summary for mysite.localhost at 2025-03-22 17:30:18.535523
Config  : ./mysite.localhost/private/backups/20250322_173011-mysite_localhost-site_config_backup.json 115.0B
Database: ./mysite.localhost/private/backups/20250322_173011-mysite_localhost-database.sql.gz         902.4KiB
Backup for Site mysite.localhost has been successfully completed
self=$$;  ( mysqldump --single-transaction --quick --lock-tables=false -u _3c69b8630e4b51d6 -p********** _3c69b8630e4b51d6 -h 127.0.0.1 -P 3306   || kill $self )  | /usr/bin/gzip >> ./mysite.localhost/private/backups/20250324_113013-mysite_localhost-database.sql.gz

Backup Summary for mysite.localhost at 2025-03-24 11:30:22.538607
Config  : ./mysite.localhost/private/backups/20250324_113013-mysite_localhost-site_config_backup.json 115.0B
Database: ./mysite.localhost/private/backups/20250324_113013-mysite_localhost-database.sql.gz         906.3KiB
Backup for Site mysite.localhost has been successfully completed
