2025-02-15 08:34:56,758 DEBUG cd my-frappe-site && python3 -m venv env
2025-02-15 08:35:01,696 DEBUG cd my-frappe-site && /home/frapee-pugal/my-frappe-site/env/bin/python -m pip install --quiet --upgrade pip
2025-02-15 08:35:05,082 DEBUG cd my-frappe-site && /home/frapee-pugal/my-frappe-site/env/bin/python -m pip install --quiet wheel
2025-02-15 08:35:07,561 LOG Getting frappe
2025-02-15 08:35:07,561 DEBUG cd my-frappe-site/apps && git clone https://github.com/frappe/frappe.git --branch version-14 --depth 1 --origin upstream
2025-02-15 08:35:19,065 LOG Installing frappe
2025-02-15 08:35:19,065 DEBUG cd /home/frapee-pugal/my-frappe-site && /home/frapee-pugal/my-frappe-site/env/bin/python -m pip install --quiet --upgrade -e /home/frapee-pugal/my-frappe-site/apps/frappe 
2025-02-15 08:36:11,070 DEBUG cd /home/frapee-pugal/my-frappe-site/apps/frappe && yarn install --check-files
2025-02-15 08:37:50,218 WARNING restart failed: Couldn't find supervisorctl in PATH
2025-02-15 08:37:50,219 DEBUG cd my-frappe-site && bench build
2025-02-15 08:37:50,456 INFO /home/frapee-pugal/.local/bin/bench build
2025-02-15 08:38:33,005 LOG setting up backups
2025-02-15 08:38:33,027 LOG backups were set up
2025-02-15 08:38:33,027 INFO Bench my-frappe-site initialized
2025-02-15 08:40:46,745 INFO /home/frapee-pugal/.local/bin/bench new-site mysite.localhost
2025-02-15 08:41:26,083 INFO /home/frapee-pugal/.local/bin/bench new-site mysite.localhost
2025-02-15 08:48:50,098 INFO /home/frapee-pugal/.local/bin/bench new-site mysite.localhost
2025-02-15 08:50:35,178 INFO /home/frapee-pugal/.local/bin/bench start
2025-02-15 08:50:35,301 WARNING /home/frapee-pugal/.local/bin/bench start executed with exit code 1
2025-02-15 08:54:03,259 INFO /home/frapee-pugal/.local/bin/bench setup supervisor
2025-02-15 08:54:04,573 INFO /home/frapee-pugal/.local/bin/bench start
2025-02-15 08:54:04,676 WARNING /home/frapee-pugal/.local/bin/bench start executed with exit code 1
2025-02-15 08:54:26,321 INFO /home/frapee-pugal/.local/bin/bench setup supervisor
2025-02-15 08:54:38,577 WARNING /home/frapee-pugal/.local/bin/bench setup supervisor executed with exit code 1
2025-02-15 08:54:42,422 INFO /home/frapee-pugal/.local/bin/bench start
2025-02-15 08:54:42,553 WARNING /home/frapee-pugal/.local/bin/bench start executed with exit code 1
2025-02-15 08:57:02,996 INFO /home/frapee-pugal/.local/bin/bench setup supervisor
2025-02-15 08:57:03,267 LOG Updated supervisord.conf: 'chmod' changed from '0700                       ; sockef file mode (default 0700)' to '0760'
2025-02-15 08:57:03,267 LOG Updated supervisord.conf: 'chown' changed from '' to 'frapee-pugal:frapee-pugal'
2025-02-15 08:59:05,324 INFO /home/frapee-pugal/.local/bin/bench start
2025-02-15 08:59:05,448 WARNING /home/frapee-pugal/.local/bin/bench start executed with exit code 1
2025-02-15 09:02:07,227 INFO /home/frapee-pugal/.local/bin/bench setup supervisor
2025-02-15 09:02:07,487 LOG Updated supervisord.conf: 'chmod' changed from '0700                       ; sockef file mode (default 0700)' to '0760'
2025-02-15 09:02:07,487 LOG Updated supervisord.conf: 'chown' changed from '' to 'frapee-pugal:frapee-pugal'
2025-02-15 09:02:07,610 WARNING /home/frapee-pugal/.local/bin/bench setup supervisor executed with exit code 1
2025-02-15 09:02:48,677 INFO /home/frapee-pugal/.local/bin/bench setup supervisor
2025-02-15 09:02:48,932 LOG Updated supervisord.conf: 'chmod' changed from '0700                       ; sockef file mode (default 0700)' to '0760'
2025-02-15 09:02:48,932 LOG Updated supervisord.conf: 'chown' changed from '' to 'frapee-pugal:frapee-pugal'
2025-02-15 09:02:59,130 INFO /home/frapee-pugal/.local/bin/bench setup supervisor
2025-02-15 09:02:59,388 LOG Updated supervisord.conf: 'chmod' changed from '0700                       ; sockef file mode (default 0700)' to '0760'
2025-02-15 09:02:59,389 LOG Updated supervisord.conf: 'chown' changed from '' to 'frapee-pugal:frapee-pugal'
2025-02-15 09:02:59,711 WARNING /home/frapee-pugal/.local/bin/bench setup supervisor executed with exit code 1
2025-02-15 09:03:05,625 INFO /home/frapee-pugal/.local/bin/bench setup supervisor
2025-02-15 09:03:05,880 LOG Updated supervisord.conf: 'chmod' changed from '0700                       ; sockef file mode (default 0700)' to '0760'
2025-02-15 09:03:05,880 LOG Updated supervisord.conf: 'chown' changed from '' to 'frapee-pugal:frapee-pugal'
2025-02-15 09:06:43,293 INFO /home/frapee-pugal/.local/bin/bench worker --queue long,default,short
2025-02-15 09:06:43,341 INFO /home/frapee-pugal/.local/bin/bench worker --queue short,default
2025-02-15 09:06:43,362 INFO /home/frapee-pugal/.local/bin/bench schedule
2025-02-15 09:07:33,062 INFO /home/frapee-pugal/.local/bin/bench start
2025-02-15 09:07:33,163 WARNING /home/frapee-pugal/.local/bin/bench start executed with exit code 1
2025-02-15 09:09:14,766 INFO /home/frapee-pugal/.local/bin/bench list-sites
2025-02-15 09:10:34,483 INFO /home/frapee-pugal/.local/bin/bench --version
2025-02-15 09:11:16,289 INFO /home/frapee-pugal/.local/bin/bench --help
2025-02-15 09:13:36,854 INFO /home/frapee-pugal/.local/bin/bench --site mysite.localhost list-apps
2025-02-15 09:28:48,304 INFO /home/frapee-pugal/.local/bin/bench --site mysite.localhost reinstall
2025-02-15 12:29:07,317 INFO /home/frapee-pugal/.local/bin/bench start
2025-02-15 12:29:07,503 WARNING /home/frapee-pugal/.local/bin/bench start executed with exit code 1
2025-02-15 12:30:24,806 INFO /home/frapee-pugal/.local/bin/bench worker --queue short,default
2025-02-15 12:30:24,960 INFO /home/frapee-pugal/.local/bin/bench schedule
2025-02-15 12:30:24,986 INFO /home/frapee-pugal/.local/bin/bench worker --queue long,default,short
2025-02-15 12:30:44,381 INFO /home/frapee-pugal/.local/bin/bench start
2025-02-15 12:30:44,523 WARNING /home/frapee-pugal/.local/bin/bench start executed with exit code 1
2025-02-15 12:32:43,509 INFO /home/frapee-pugal/.local/bin/bench start
2025-02-15 12:32:43,632 WARNING /home/frapee-pugal/.local/bin/bench start executed with exit code 1
2025-02-15 12:38:48,993 INFO /home/frapee-pugal/.local/bin/bench start
2025-02-15 12:38:49,150 WARNING /home/frapee-pugal/.local/bin/bench start executed with exit code 1
2025-02-15 12:45:04,543 INFO /home/frapee-pugal/.local/bin/bench start
2025-02-15 12:45:04,733 WARNING /home/frapee-pugal/.local/bin/bench start executed with exit code 1
2025-02-15 12:55:02,816 INFO /home/frapee-pugal/.local/bin/bench start
2025-02-15 12:55:02,979 WARNING /home/frapee-pugal/.local/bin/bench start executed with exit code 1
2025-02-15 12:56:50,902 INFO /home/frapee-pugal/.local/bin/bench setup supervisor
2025-02-15 12:56:59,988 WARNING /home/frapee-pugal/.local/bin/bench setup supervisor executed with exit code 1
2025-02-15 12:57:32,356 INFO /home/frapee-pugal/.local/bin/bench setup supervisor
2025-02-15 12:58:26,344 INFO /home/frapee-pugal/.local/bin/bench setup supervisor
2025-02-15 12:58:31,336 WARNING /home/frapee-pugal/.local/bin/bench setup supervisor executed with exit code 1
2025-02-15 12:59:08,971 INFO /home/frapee-pugal/.local/bin/bench setup supervisor
2025-02-15 13:01:47,086 INFO /home/frapee-pugal/.local/bin/bench start
2025-02-15 13:01:47,261 WARNING /home/frapee-pugal/.local/bin/bench start executed with exit code 1
2025-02-15 13:02:25,324 INFO /home/frapee-pugal/.local/bin/bench worker --queue short,default
2025-02-15 13:02:25,344 INFO /home/frapee-pugal/.local/bin/bench schedule
2025-02-15 13:02:25,406 INFO /home/frapee-pugal/.local/bin/bench worker --queue long,default,short
2025-02-15 13:03:14,215 INFO /home/frapee-pugal/.local/bin/bench start
2025-02-15 13:03:14,353 WARNING /home/frapee-pugal/.local/bin/bench start executed with exit code 1
2025-02-15 13:13:49,959 INFO /home/frapee-pugal/.local/bin/bench mysql
2025-02-15 13:17:39,864 INFO /home/frapee-pugal/.local/bin/bench --site my-frappe-site mariadb
2025-02-15 13:20:38,396 INFO /home/frapee-pugal/.local/bin/bench --site mysite.localhost mariadb
2025-02-15 13:25:11,387 INFO /home/frapee-pugal/.local/bin/bench start
2025-02-15 13:25:11,550 WARNING /home/frapee-pugal/.local/bin/bench start executed with exit code 1
2025-02-15 13:25:30,219 INFO /home/frapee-pugal/.local/bin/bench --site mysite.localhost serve
2025-02-15 13:36:54,921 INFO /home/frapee-pugal/.local/bin/bench --site mysite-localhost mysql
2025-02-15 13:37:07,263 INFO /home/frapee-pugal/.local/bin/bench --site mysite-localhost mysql
2025-02-15 14:09:38,762 INFO /home/frapee-pugal/.local/bin/bench list-apps
2025-02-15 14:11:35,685 INFO /home/frapee-pugal/.local/bin/bench --site mysite.localhost install-app frappe
2025-02-15 14:14:17,500 INFO /home/frapee-pugal/.local/bin/bench --site mysite.localhost reinstall
2025-02-15 14:15:14,609 INFO /home/frapee-pugal/.local/bin/bench --site mysite.localhost reinstall
2025-02-15 14:15:27,891 INFO /home/frapee-pugal/.local/bin/bench --site mysite.localhost reinstall
2025-02-15 14:20:03,952 INFO /home/frapee-pugal/.local/bin/bench list-sites
2025-02-15 14:22:06,804 INFO /home/frapee-pugal/.local/bin/bench --site mysite.localhost list-apps
2025-02-15 14:26:29,925 INFO /home/frapee-pugal/.local/bin/bench start
2025-02-15 14:26:30,091 WARNING /home/frapee-pugal/.local/bin/bench start executed with exit code 1
2025-02-15 14:29:38,861 INFO /home/frapee-pugal/.local/bin/bench --site mysite.localhost serve
2025-02-15 14:41:46,686 INFO /home/frapee-pugal/.local/bin/bench restart
2025-02-15 14:41:47,114 DEBUG cd /home/frapee-pugal/my-frappe-site && supervisorctl restart frappe:
2025-02-15 14:41:47,398 WARNING cd /home/frapee-pugal/my-frappe-site && supervisorctl restart frappe: executed with exit code 7
2025-02-15 14:41:47,398 WARNING /home/frapee-pugal/.local/bin/bench restart executed with exit code 1
2025-02-15 14:44:39,126 INFO /home/frapee-pugal/.local/bin/bench --site mysite.localhost migrate
2025-02-15 14:44:48,139 INFO /home/frapee-pugal/.local/bin/bench --site mysite.localhost doctor
2025-02-15 14:46:53,079 INFO /home/frapee-pugal/.local/bin/bench schedule
2025-02-15 14:46:53,156 INFO /home/frapee-pugal/.local/bin/bench worker --queue long,default,short
2025-02-15 14:46:53,176 INFO /home/frapee-pugal/.local/bin/bench worker --queue short,default
2025-02-15 14:47:36,746 INFO /home/frapee-pugal/.local/bin/bench restart
2025-02-15 14:47:37,523 DEBUG cd /home/frapee-pugal/my-frappe-site && sudo supervisorctl restart my-frappe-site-web:
2025-02-15 14:47:40,062 DEBUG cd /home/frapee-pugal/my-frappe-site && sudo supervisorctl restart my-frappe-site-workers:
2025-02-15 14:47:41,225 INFO /home/frapee-pugal/.local/bin/bench worker --queue long,default,short
2025-02-15 14:47:41,277 INFO /home/frapee-pugal/.local/bin/bench worker --queue short,default
2025-02-15 14:47:41,338 INFO /home/frapee-pugal/.local/bin/bench schedule
2025-02-15 14:51:56,689 INFO /home/frapee-pugal/.local/bin/bench doctor
2025-02-15 14:53:34,020 INFO /home/frapee-pugal/.local/bin/bench --site mysite.localhost serve
2025-02-15 15:02:30,889 INFO /home/frapee-pugal/.local/bin/bench restart
2025-02-15 15:02:31,492 DEBUG cd /home/frapee-pugal/my-frappe-site && sudo supervisorctl restart my-frappe-site-web:
2025-02-15 15:02:33,292 DEBUG cd /home/frapee-pugal/my-frappe-site && sudo supervisorctl restart my-frappe-site-workers:
2025-02-15 15:02:34,830 INFO /home/frapee-pugal/.local/bin/bench schedule
2025-02-15 15:02:34,929 INFO /home/frapee-pugal/.local/bin/bench worker --queue long,default,short
2025-02-15 15:02:34,930 INFO /home/frapee-pugal/.local/bin/bench worker --queue short,default
2025-02-15 15:02:44,576 INFO /home/frapee-pugal/.local/bin/bench --site mysite.localhost serve
2025-02-15 15:02:58,115 INFO /home/frapee-pugal/.local/bin/bench --site mysite.localhost serve --port 8080
2025-02-15 15:07:11,451 INFO /home/frapee-pugal/.local/bin/bench --site mysite.localhost serve
2025-02-15 15:13:31,735 INFO /home/frapee-pugal/.local/bin/bench --site mysite.localhost serve
2025-02-15 15:25:10,942 INFO /home/frapee-pugal/.local/bin/bench start
2025-02-15 15:25:11,068 WARNING /home/frapee-pugal/.local/bin/bench start executed with exit code 1
2025-02-15 15:25:28,769 INFO /home/frapee-pugal/.local/bin/bench worker --queue short,default
2025-02-15 15:25:28,816 INFO /home/frapee-pugal/.local/bin/bench worker --queue long,default,short
2025-02-15 15:25:28,843 INFO /home/frapee-pugal/.local/bin/bench schedule
2025-02-15 15:26:03,794 INFO /home/frapee-pugal/.local/bin/bench --site mysite.localhost serve
2025-02-15 15:27:48,278 INFO /home/frapee-pugal/.local/bin/bench --site mysite.localhost serve
2025-02-15 15:28:02,420 INFO /home/frapee-pugal/.local/bin/bench --site mysite.localhost serve
2025-02-15 15:31:15,951 INFO /home/frapee-pugal/.local/bin/bench --site mysite.localhost serve
2025-02-15 15:32:54,765 INFO /home/frapee-pugal/.local/bin/bench --site mysite.localhost serve
2025-02-15 15:33:03,705 INFO /home/frapee-pugal/.local/bin/bench --site mysite.localhost serve
2025-02-15 15:35:23,679 INFO /home/frapee-pugal/.local/bin/bench --site mysite.localhost serve
2025-02-15 15:47:29,225 INFO /home/frapee-pugal/.local/bin/bench --site mysite.localhost console
2025-02-15 15:59:01,514 INFO /home/frapee-pugal/.local/bin/bench --site mysite.localhost console
2025-02-15 16:01:15,133 INFO /home/frapee-pugal/.local/bin/bench --site mysite.localhost execute script
2025-02-15 16:01:33,221 INFO /home/frapee-pugal/.local/bin/bench --site mysite.localhost execute frappe.get_doc --args ["System Settings"]
2025-02-15 16:03:00,797 INFO /home/frapee-pugal/.local/bin/bench --site mysite.localhost console
2025-02-15 16:04:00,506 INFO /home/frapee-pugal/.local/bin/bench --site mysite.localhost console
2025-02-15 16:13:17,766 INFO /home/frapee-pugal/.local/bin/bench --site mysite.localhost serve
2025-02-15 16:21:14,701 INFO /home/frapee-pugal/.local/bin/bench --site mysite.localhost serve
2025-02-15 16:21:33,387 INFO /home/frapee-pugal/.local/bin/bench --site mysite.localhost serve
2025-02-15 16:22:17,239 INFO /home/frapee-pugal/.local/bin/bench --site mysite.localhost serve
2025-02-15 16:22:45,572 INFO /home/frapee-pugal/.local/bin/bench --site mysite.localhost serve
2025-02-16 06:00:01,764 INFO /home/frapee-pugal/.local/bin/bench --verbose --site all backup
2025-02-16 07:50:53,379 INFO /home/frapee-pugal/.local/bin/bench schedule
2025-02-16 07:50:53,380 INFO /home/frapee-pugal/.local/bin/bench worker --queue short,default
2025-02-16 07:50:53,381 INFO /home/frapee-pugal/.local/bin/bench worker --queue long,default,short
2025-02-16 08:44:43,799 INFO /home/frapee-pugal/.local/bin/bench schedule
2025-02-16 08:44:43,801 INFO /home/frapee-pugal/.local/bin/bench worker --queue short,default
2025-02-16 08:44:43,886 INFO /home/frapee-pugal/.local/bin/bench worker --queue long,default,short
2025-02-16 11:19:51,669 INFO /home/frapee-pugal/.local/bin/bench schedule
2025-02-16 11:19:51,669 INFO /home/frapee-pugal/.local/bin/bench worker --queue long,default,short
2025-02-16 11:19:51,675 INFO /home/frapee-pugal/.local/bin/bench worker --queue short,default
2025-02-16 11:22:33,764 INFO /home/frapee-pugal/.local/bin/bench schedule
2025-02-16 11:22:33,931 INFO /home/frapee-pugal/.local/bin/bench worker --queue long,default,short
2025-02-16 11:22:33,934 INFO /home/frapee-pugal/.local/bin/bench worker --queue short,default
2025-02-16 12:00:05,214 INFO /home/frapee-pugal/.local/bin/bench --verbose --site all backup
2025-02-16 14:40:42,131 INFO /home/frapee-pugal/.local/bin/bench worker --queue long,default,short
2025-02-16 14:40:42,134 INFO /home/frapee-pugal/.local/bin/bench schedule
2025-02-16 14:40:42,155 INFO /home/frapee-pugal/.local/bin/bench worker --queue short,default
2025-02-16 15:26:16,672 INFO /home/frapee-pugal/.local/bin/bench schedule
2025-02-16 15:26:16,704 INFO /home/frapee-pugal/.local/bin/bench worker --queue long,default,short
2025-02-16 15:26:16,814 INFO /home/frapee-pugal/.local/bin/bench worker --queue short,default
2025-02-17 06:00:04,263 INFO /home/frapee-pugal/.local/bin/bench --verbose --site all backup
2025-02-17 06:44:19,705 INFO /home/frapee-pugal/frappe-bench-env/bin/bench --site mysite.localhost serve --port 8002
2025-02-17 06:47:05,533 INFO /home/frapee-pugal/frappe-bench-env/bin/bench get-app erpnext --branch version-14
2025-02-17 06:47:06,413 LOG Getting erpnext
2025-02-17 06:47:06,415 DEBUG cd ./apps && git clone https://github.com/frappe/erpnext.git --branch version-14 --depth 1 --origin upstream
2025-02-17 06:47:22,359 LOG Installing erpnext
2025-02-17 06:47:22,365 DEBUG cd /home/frapee-pugal/my-frappe-site && /home/frapee-pugal/my-frappe-site/env/bin/python -m pip install --quiet --upgrade -e /home/frapee-pugal/my-frappe-site/apps/erpnext 
2025-02-17 06:47:37,202 DEBUG cd /home/frapee-pugal/my-frappe-site/apps/erpnext && yarn install --check-files
2025-02-17 06:47:39,538 DEBUG bench build --app erpnext
2025-02-17 06:47:39,932 INFO /home/frapee-pugal/frappe-bench-env/bin/bench build --app erpnext
2025-02-17 06:47:51,479 DEBUG cd /home/frapee-pugal/my-frappe-site && supervisorctl restart frappe:
2025-02-17 06:47:51,711 WARNING cd /home/frapee-pugal/my-frappe-site && supervisorctl restart frappe: executed with exit code 7
2025-02-17 06:47:51,711 WARNING restarting supervisor group `frappe:` failed. Use `bench restart` to retry.
2025-02-17 06:48:46,956 INFO /home/frapee-pugal/.local/bin/bench schedule
2025-02-17 06:48:47,000 INFO /home/frapee-pugal/.local/bin/bench worker --queue short,default
2025-02-17 06:48:47,006 INFO /home/frapee-pugal/.local/bin/bench worker --queue long,default,short
2025-02-17 06:49:01,204 INFO /home/frapee-pugal/.local/bin/bench worker --queue short,default
2025-02-17 06:49:01,460 INFO /home/frapee-pugal/.local/bin/bench schedule
2025-02-17 06:49:01,491 INFO /home/frapee-pugal/.local/bin/bench worker --queue long,default,short
2025-02-17 06:49:44,123 INFO /home/frapee-pugal/frappe-bench-env/bin/bench restart
2025-02-17 06:49:44,713 DEBUG cd /home/frapee-pugal/my-frappe-site && sudo supervisorctl restart my-frappe-site-web:
2025-02-17 06:49:54,734 DEBUG cd /home/frapee-pugal/my-frappe-site && sudo supervisorctl restart my-frappe-site-workers:
2025-02-17 06:49:55,575 INFO /home/frapee-pugal/.local/bin/bench worker --queue short,default
2025-02-17 06:49:55,579 INFO /home/frapee-pugal/.local/bin/bench worker --queue long,default,short
2025-02-17 06:49:55,624 INFO /home/frapee-pugal/.local/bin/bench schedule
2025-02-17 06:50:13,993 INFO /home/frapee-pugal/frappe-bench-env/bin/bench list-apps
2025-02-17 06:52:35,497 INFO /home/frapee-pugal/frappe-bench-env/bin/bench ls
2025-02-17 06:52:39,646 INFO /home/frapee-pugal/frappe-bench-env/bin/bench list-apps
2025-02-17 06:53:14,350 INFO /home/frapee-pugal/frappe-bench-env/bin/bench --site mysite.localhost list-apps
2025-02-17 06:53:32,900 INFO /home/frapee-pugal/frappe-bench-env/bin/bench get-app erpnext --branch version-14
2025-02-17 06:54:17,968 INFO /home/frapee-pugal/frappe-bench-env/bin/bench --site mysite.localhost install-app erpnext
2025-02-17 06:59:53,311 INFO /home/frapee-pugal/frappe-bench-env/bin/bench restart
2025-02-17 06:59:53,804 DEBUG cd /home/frapee-pugal/my-frappe-site && sudo supervisorctl restart my-frappe-site-web:
2025-02-17 07:00:02,242 DEBUG cd /home/frapee-pugal/my-frappe-site && sudo supervisorctl restart my-frappe-site-workers:
2025-02-17 07:00:03,027 INFO /home/frapee-pugal/.local/bin/bench schedule
2025-02-17 07:00:03,083 INFO /home/frapee-pugal/.local/bin/bench worker --queue short,default
2025-02-17 07:00:03,190 INFO /home/frapee-pugal/.local/bin/bench worker --queue long,default,short
2025-02-17 07:00:18,117 INFO /home/frapee-pugal/frappe-bench-env/bin/bench --site mysite.localhost serve --port 8003
2025-02-17 08:44:19,677 INFO /home/frapee-pugal/frappe-bench-env/bin/bench --site mysite.localhost serve
2025-02-19 10:29:49,714 INFO /home/frapee-pugal/frappe-bench-env/bin/bench --site mysite.localhost serve --port 8003
2025-02-20 12:12:13,842 INFO /home/frapee-pugal/frappe-bench-env/bin/bench --site mysite.localhost serve --port 8003
2025-02-20 12:56:33,441 INFO /home/frapee-pugal/frappe-bench-env/bin/bench --site mysite.localhost install-app promotor
2025-02-20 12:58:04,640 INFO /home/frapee-pugal/frappe-bench-env/bin/bench list-apps
2025-02-20 12:58:42,557 INFO /home/frapee-pugal/frappe-bench-env/bin/bench list-apps
2025-02-20 12:59:17,613 INFO /home/frapee-pugal/frappe-bench-env/bin/bench new-app promotor
2025-02-20 12:59:17,626 LOG creating new app promotor
2025-02-20 13:00:46,056 LOG Installing promotor
2025-02-20 13:00:46,057 DEBUG cd /home/frapee-pugal/my-frappe-site && /home/frapee-pugal/my-frappe-site/env/bin/python -m pip install --quiet --upgrade -e /home/frapee-pugal/my-frappe-site/apps/promotor 
2025-02-20 13:00:50,644 DEBUG bench build --app promotor
2025-02-20 13:00:50,870 INFO /home/frapee-pugal/frappe-bench-env/bin/bench build --app promotor
2025-02-20 13:01:00,914 DEBUG cd /home/frapee-pugal/my-frappe-site && supervisorctl restart frappe:
2025-02-20 13:01:01,199 WARNING cd /home/frapee-pugal/my-frappe-site && supervisorctl restart frappe: executed with exit code 7
2025-02-20 13:01:01,199 WARNING restarting supervisor group `frappe:` failed. Use `bench restart` to retry.
2025-02-20 13:01:06,597 INFO /home/frapee-pugal/frappe-bench-env/bin/bench --site mysite.localhost install-app promotor
2025-02-20 13:03:36,831 INFO /home/frapee-pugal/frappe-bench-env/bin/bench --site mysite.localhost serve --port 8004
2025-02-24 05:18:24,562 INFO /home/frapee-pugal/.local/bin/bench worker --queue short,default
2025-02-24 05:18:24,564 INFO /home/frapee-pugal/.local/bin/bench worker --queue long,default,short
2025-02-24 05:18:24,564 INFO /home/frapee-pugal/.local/bin/bench schedule
2025-02-24 05:25:36,347 INFO /home/frapee-pugal/.local/bin/bench worker --queue long,default,short
2025-02-24 05:25:36,359 INFO /home/frapee-pugal/.local/bin/bench worker --queue short,default
2025-02-24 05:25:36,520 INFO /home/frapee-pugal/.local/bin/bench schedule
2025-02-24 06:00:08,976 INFO /home/frapee-pugal/.local/bin/bench --verbose --site all backup
2025-02-24 06:29:15,740 INFO /home/frapee-pugal/.local/bin/bench schedule
2025-02-24 06:29:15,946 INFO /home/frapee-pugal/.local/bin/bench worker --queue short,default
2025-02-24 06:29:16,060 INFO /home/frapee-pugal/.local/bin/bench worker --queue long,default,short
2025-02-24 08:46:13,676 INFO /home/frapee-pugal/.local/bin/bench schedule
2025-02-24 08:46:13,677 INFO /home/frapee-pugal/.local/bin/bench worker --queue long,default,short
2025-02-24 08:46:13,678 INFO /home/frapee-pugal/.local/bin/bench worker --queue short,default
2025-02-24 08:55:04,175 INFO /home/frapee-pugal/.local/bin/bench schedule
2025-02-24 08:55:04,175 INFO /home/frapee-pugal/.local/bin/bench worker --queue long,default,short
2025-02-24 08:55:04,175 INFO /home/frapee-pugal/.local/bin/bench worker --queue short,default
2025-02-24 13:59:31,466 INFO /home/frapee-pugal/.local/bin/bench worker --queue long,default,short
2025-02-24 13:59:31,473 INFO /home/frapee-pugal/.local/bin/bench worker --queue short,default
2025-02-24 13:59:31,474 INFO /home/frapee-pugal/.local/bin/bench schedule
2025-02-24 15:33:02,230 INFO /home/frapee-pugal/.local/bin/bench worker --queue long,default,short
2025-02-24 15:33:02,231 INFO /home/frapee-pugal/.local/bin/bench worker --queue short,default
2025-02-24 15:33:02,232 INFO /home/frapee-pugal/.local/bin/bench schedule
2025-02-24 15:33:14,184 INFO /home/frapee-pugal/.local/bin/bench worker --queue long,default,short
2025-02-24 15:33:14,185 INFO /home/frapee-pugal/.local/bin/bench schedule
2025-02-24 15:33:14,196 INFO /home/frapee-pugal/.local/bin/bench worker --queue short,default
2025-02-24 17:32:40,743 INFO /home/frapee-pugal/.local/bin/bench schedule
2025-02-24 17:32:40,782 INFO /home/frapee-pugal/.local/bin/bench worker --queue long,default,short
2025-02-24 17:32:40,816 INFO /home/frapee-pugal/.local/bin/bench worker --queue short,default
2025-02-24 17:34:22,888 INFO /home/frapee-pugal/.local/bin/bench schedule
2025-02-24 17:34:22,992 INFO /home/frapee-pugal/.local/bin/bench worker --queue long,default,short
2025-02-24 17:34:23,070 INFO /home/frapee-pugal/.local/bin/bench worker --queue short,default
2025-02-24 17:38:01,006 INFO /home/frapee-pugal/.local/bin/bench worker --queue short,default
2025-02-24 17:38:01,024 INFO /home/frapee-pugal/.local/bin/bench schedule
2025-02-24 17:38:01,138 INFO /home/frapee-pugal/.local/bin/bench worker --queue long,default,short
2025-02-24 17:39:08,382 INFO /home/frapee-pugal/.local/bin/bench worker --queue short,default
2025-02-24 17:39:08,450 INFO /home/frapee-pugal/.local/bin/bench worker --queue long,default,short
2025-02-24 17:39:08,466 INFO /home/frapee-pugal/.local/bin/bench schedule
2025-02-24 17:45:03,729 INFO /home/frapee-pugal/.local/bin/bench worker --queue short,default
2025-02-24 17:45:03,760 INFO /home/frapee-pugal/.local/bin/bench schedule
2025-02-24 17:45:03,855 INFO /home/frapee-pugal/.local/bin/bench worker --queue long,default,short
2025-02-24 18:00:07,519 INFO /home/frapee-pugal/.local/bin/bench --verbose --site all backup
2025-02-26 06:17:47,934 INFO /home/frapee-pugal/.local/bin/bench worker --queue long,default,short
2025-02-26 06:17:47,936 INFO /home/frapee-pugal/.local/bin/bench worker --queue short,default
2025-02-26 06:17:47,937 INFO /home/frapee-pugal/.local/bin/bench schedule
2025-02-26 07:52:37,065 INFO /home/frapee-pugal/.local/bin/bench worker --queue short,default
2025-02-26 07:52:37,065 INFO /home/frapee-pugal/.local/bin/bench schedule
2025-02-26 07:52:37,066 INFO /home/frapee-pugal/.local/bin/bench worker --queue long,default,short
2025-02-28 05:50:50,557 INFO /home/frapee-pugal/.local/bin/bench worker --queue short,default
2025-02-28 05:50:50,557 INFO /home/frapee-pugal/.local/bin/bench worker --queue long,default,short
2025-02-28 05:50:50,559 INFO /home/frapee-pugal/.local/bin/bench schedule
2025-02-28 06:00:07,926 INFO /home/frapee-pugal/.local/bin/bench --verbose --site all backup
2025-02-28 06:28:43,894 INFO /home/frapee-pugal/.local/bin/bench worker --queue long,default,short
2025-02-28 06:28:44,066 INFO /home/frapee-pugal/.local/bin/bench schedule
2025-02-28 06:28:44,083 INFO /home/frapee-pugal/.local/bin/bench worker --queue short,default
2025-02-28 06:42:40,492 INFO /home/frapee-pugal/.local/bin/bench schedule
2025-02-28 06:42:40,512 INFO /home/frapee-pugal/.local/bin/bench worker --queue long,default,short
2025-02-28 06:42:40,632 INFO /home/frapee-pugal/.local/bin/bench worker --queue short,default
2025-02-28 07:44:06,933 INFO /home/frapee-pugal/.local/bin/bench worker --queue short,default
2025-02-28 07:44:06,942 INFO /home/frapee-pugal/.local/bin/bench schedule
2025-02-28 07:44:06,950 INFO /home/frapee-pugal/.local/bin/bench worker --queue long,default,short
2025-02-28 08:09:07,153 INFO /home/frapee-pugal/.local/bin/bench worker --queue short,default
2025-02-28 08:09:07,172 INFO /home/frapee-pugal/.local/bin/bench schedule
2025-02-28 08:09:07,218 INFO /home/frapee-pugal/.local/bin/bench worker --queue long,default,short
2025-02-28 08:13:50,191 INFO /home/frapee-pugal/.local/bin/bench worker --queue long,default,short
2025-02-28 08:13:50,276 INFO /home/frapee-pugal/.local/bin/bench schedule
2025-02-28 08:13:50,352 INFO /home/frapee-pugal/.local/bin/bench worker --queue short,default
2025-02-28 08:51:14,256 INFO /home/frapee-pugal/.local/bin/bench worker --queue short,default
2025-02-28 08:51:14,263 INFO /home/frapee-pugal/.local/bin/bench worker --queue long,default,short
2025-02-28 08:51:14,267 INFO /home/frapee-pugal/.local/bin/bench schedule
2025-02-28 08:51:41,758 INFO /home/frapee-pugal/.local/bin/bench schedule
2025-02-28 08:51:41,824 INFO /home/frapee-pugal/.local/bin/bench worker --queue long,default,short
2025-02-28 08:51:41,847 INFO /home/frapee-pugal/.local/bin/bench worker --queue short,default
2025-03-01 06:51:29,462 INFO /home/frapee-pugal/.local/bin/bench worker --queue short,default
2025-03-01 06:51:29,462 INFO /home/frapee-pugal/.local/bin/bench worker --queue long,default,short
2025-03-01 06:51:29,552 INFO /home/frapee-pugal/.local/bin/bench schedule
2025-03-01 06:56:35,167 INFO /home/frapee-pugal/frappe-bench-env/bin/bench --site mysite.localhost serve --port 8003
2025-03-03 05:52:50,742 INFO /home/frapee-pugal/.local/bin/bench worker --queue long,default,short
2025-03-03 05:52:50,742 INFO /home/frapee-pugal/.local/bin/bench schedule
2025-03-03 05:52:50,798 INFO /home/frapee-pugal/.local/bin/bench worker --queue short,default
2025-03-03 05:52:54,802 INFO /home/frapee-pugal/frappe-bench-env/bin/bench --site mysite.localhost serve
2025-03-03 05:53:03,665 INFO /home/frapee-pugal/frappe-bench-env/bin/bench --site mysite.localhost serve --port 8001
2025-03-03 06:00:05,798 INFO /home/frapee-pugal/.local/bin/bench --verbose --site all backup
2025-03-03 12:48:28,611 INFO /home/frapee-pugal/.local/bin/bench worker --queue long,default,short
2025-03-03 12:48:28,611 INFO /home/frapee-pugal/.local/bin/bench schedule
2025-03-03 12:48:28,612 INFO /home/frapee-pugal/.local/bin/bench worker --queue short,default
2025-03-03 12:48:41,126 INFO /home/frapee-pugal/frappe-bench-env/bin/bench --site mysite.localhost serve --port 8002
2025-03-20 04:15:26,834 INFO /home/frapee-pugal/.local/bin/bench schedule
2025-03-20 04:15:26,836 INFO /home/frapee-pugal/.local/bin/bench worker --queue long,default,short
2025-03-20 04:15:26,850 INFO /home/frapee-pugal/.local/bin/bench worker --queue short,default
2025-03-20 04:16:13,161 INFO /home/frapee-pugal/frappe-bench-env/bin/bench --site mysite.localhost serve
2025-03-20 04:16:30,152 INFO /home/frapee-pugal/frappe-bench-env/bin/bench --site mysite.localhost serve --port 8001
2025-03-20 06:00:04,143 INFO /home/frapee-pugal/.local/bin/bench --verbose --site all backup
2025-03-21 11:13:45,336 INFO /home/frapee-pugal/.local/bin/bench schedule
2025-03-21 11:13:45,479 INFO /home/frapee-pugal/.local/bin/bench worker --queue short,default
2025-03-21 11:13:45,498 INFO /home/frapee-pugal/.local/bin/bench worker --queue long,default,short
2025-03-21 11:15:30,798 INFO /home/frapee-pugal/frappe-bench-env/bin/bench --site mysite.localhost serve --port 8001
2025-03-21 12:00:05,328 INFO /home/frapee-pugal/.local/bin/bench --verbose --site all backup
2025-03-22 03:40:36,600 INFO /home/frapee-pugal/.local/bin/bench worker --queue short,default
2025-03-22 03:40:36,601 INFO /home/frapee-pugal/.local/bin/bench schedule
2025-03-22 03:40:36,602 INFO /home/frapee-pugal/.local/bin/bench worker --queue long,default,short
2025-03-22 04:15:06,175 INFO /home/frapee-pugal/frappe-bench-env/bin/bench --site mysite.localhost serve --port 8001
2025-03-22 06:00:06,152 INFO /home/frapee-pugal/.local/bin/bench --verbose --site all backup
2025-03-22 12:00:08,442 INFO /home/frapee-pugal/.local/bin/bench --verbose --site all backup
2025-03-24 04:24:23,957 INFO /home/frapee-pugal/.local/bin/bench worker --queue short,default
2025-03-24 04:24:23,957 INFO /home/frapee-pugal/.local/bin/bench schedule
2025-03-24 04:24:23,958 INFO /home/frapee-pugal/.local/bin/bench worker --queue long,default,short
2025-03-24 05:30:48,555 INFO /home/frapee-pugal/.local/bin/bench worker --queue short,default
2025-03-24 05:30:48,557 INFO /home/frapee-pugal/.local/bin/bench worker --queue long,default,short
2025-03-24 05:30:48,628 INFO /home/frapee-pugal/.local/bin/bench schedule
2025-03-24 06:00:07,147 INFO /home/frapee-pugal/.local/bin/bench --verbose --site all backup
2025-03-24 06:33:57,289 INFO /home/frapee-pugal/.local/bin/bench worker --queue long,default,short
2025-03-24 06:33:57,290 INFO /home/frapee-pugal/.local/bin/bench schedule
2025-03-24 06:33:57,314 INFO /home/frapee-pugal/.local/bin/bench worker --queue short,default
2025-03-25 04:00:13,569 INFO /home/frapee-pugal/.local/bin/bench worker --queue long,default,short
2025-03-25 04:00:13,569 INFO /home/frapee-pugal/.local/bin/bench worker --queue short,default
2025-03-25 04:00:13,608 INFO /home/frapee-pugal/.local/bin/bench schedule
2025-03-26 03:43:25,631 INFO /home/frapee-pugal/.local/bin/bench schedule
2025-03-26 03:43:25,632 INFO /home/frapee-pugal/.local/bin/bench worker --queue short,default
2025-03-26 03:43:25,637 INFO /home/frapee-pugal/.local/bin/bench worker --queue long,default,short
2025-03-26 04:47:27,603 INFO /home/frapee-pugal/.local/bin/bench worker --queue short,default
2025-03-26 04:47:27,641 INFO /home/frapee-pugal/.local/bin/bench schedule
2025-03-26 04:47:27,738 INFO /home/frapee-pugal/.local/bin/bench worker --queue long,default,short
2025-03-26 04:52:08,453 INFO /home/frapee-pugal/frappe-bench-env/bin/bench --site mysite.localhost serve --port 8002
