2025-02-15 13:30:34,089 ERROR frappe Failed to run after request hook
Site: mysite.localhost
Form Dict: {}
Traceback (most recent call last):
  File "/home/frapee-pugal/my-frappe-site/apps/frappe/frappe/database/database.py", line 672, in get_values
    out = self._get_values_from_table(
  File "/home/frapee-pugal/my-frappe-site/apps/frappe/frappe/database/database.py", line 910, in _get_values_from_table
    return query.run(as_dict=as_dict, debug=debug, update=update, run=run, pluck=pluck)
  File "/home/frapee-pugal/my-frappe-site/apps/frappe/frappe/query_builder/utils.py", line 87, in execute_query
    result = frappe.db.sql(query, params, *args, **kwargs)  # nosemgrep
  File "/home/frapee-pugal/my-frappe-site/apps/frappe/frappe/database/database.py", line 244, in sql
    self._cursor.execute(query, values)
  File "/home/frapee-pugal/my-frappe-site/env/lib/python3.10/site-packages/pymysql/cursors.py", line 153, in execute
    result = self._query(query)
  File "/home/frapee-pugal/my-frappe-site/env/lib/python3.10/site-packages/pymysql/cursors.py", line 322, in _query
    conn.query(q)
  File "/home/frapee-pugal/my-frappe-site/env/lib/python3.10/site-packages/pymysql/connections.py", line 563, in query
    self._affected_rows = self._read_query_result(unbuffered=unbuffered)
  File "/home/frapee-pugal/my-frappe-site/env/lib/python3.10/site-packages/pymysql/connections.py", line 825, in _read_query_result
    result.read()
  File "/home/frapee-pugal/my-frappe-site/env/lib/python3.10/site-packages/pymysql/connections.py", line 1199, in read
    first_packet = self.connection._read_packet()
  File "/home/frapee-pugal/my-frappe-site/env/lib/python3.10/site-packages/pymysql/connections.py", line 775, in _read_packet
    packet.raise_for_error()
  File "/home/frapee-pugal/my-frappe-site/env/lib/python3.10/site-packages/pymysql/protocol.py", line 219, in raise_for_error
    err.raise_mysql_exception(self._data)
  File "/home/frapee-pugal/my-frappe-site/env/lib/python3.10/site-packages/pymysql/err.py", line 150, in raise_mysql_exception
    raise errorclass(errno, errval)
pymysql.err.ProgrammingError: (1146, "Table '_3c69b8630e4b51d6.tabDocType' doesn't exist")

During handling of the above exception, another exception occurred:

Traceback (most recent call last):
  File "/home/frapee-pugal/my-frappe-site/apps/frappe/frappe/app.py", line 86, in application
    init_request(request)
  File "/home/frapee-pugal/my-frappe-site/apps/frappe/frappe/app.py", line 177, in init_request
    frappe.local.http_request = frappe.auth.HTTPRequest()
  File "/home/frapee-pugal/my-frappe-site/apps/frappe/frappe/auth.py", line 38, in __init__
    self.set_session()
  File "/home/frapee-pugal/my-frappe-site/apps/frappe/frappe/auth.py", line 72, in set_session
    frappe.local.login_manager = LoginManager()
  File "/home/frapee-pugal/my-frappe-site/apps/frappe/frappe/auth.py", line 118, in __init__
    self.make_session(resume=True)
  File "/home/frapee-pugal/my-frappe-site/apps/frappe/frappe/auth.py", line 206, in make_session
    frappe.local.session_obj = Session(
  File "/home/frapee-pugal/my-frappe-site/apps/frappe/frappe/sessions.py", line 233, in __init__
    self.resume()
  File "/home/frapee-pugal/my-frappe-site/apps/frappe/frappe/sessions.py", line 324, in resume
    self.validate_user()
  File "/home/frapee-pugal/my-frappe-site/apps/frappe/frappe/sessions.py", line 241, in validate_user
    if not frappe.get_cached_value("User", self.user, "enabled"):
  File "/home/frapee-pugal/my-frappe-site/apps/frappe/frappe/__init__.py", line 1166, in get_cached_value
    doc = get_cached_doc(doctype, name)
  File "/home/frapee-pugal/my-frappe-site/apps/frappe/frappe/__init__.py", line 1109, in get_cached_doc
    doc = get_doc(*args, **kwargs)
  File "/home/frapee-pugal/my-frappe-site/apps/frappe/frappe/__init__.py", line 1200, in get_doc
    doc = frappe.model.document.get_doc(*args, **kwargs)
  File "/home/frapee-pugal/my-frappe-site/apps/frappe/frappe/model/document.py", line 76, in get_doc
    controller = get_controller(doctype)
  File "/home/frapee-pugal/my-frappe-site/apps/frappe/frappe/model/base_document.py", line 95, in get_controller
    site_controllers[doctype] = _get_controller()
  File "/home/frapee-pugal/my-frappe-site/apps/frappe/frappe/model/base_document.py", line 61, in _get_controller
    module_name, custom = frappe.db.get_value(
  File "/home/frapee-pugal/my-frappe-site/apps/frappe/frappe/database/database.py", line 568, in get_value
    result = self.get_values(
  File "/home/frapee-pugal/my-frappe-site/apps/frappe/frappe/database/database.py", line 697, in get_values
    out = self.get_values_from_single(
  File "/home/frapee-pugal/my-frappe-site/apps/frappe/frappe/database/database.py", line 747, in get_values_from_single
    r = frappe.qb.get_query(
  File "/home/frapee-pugal/my-frappe-site/apps/frappe/frappe/query_builder/utils.py", line 87, in execute_query
    result = frappe.db.sql(query, params, *args, **kwargs)  # nosemgrep
  File "/home/frapee-pugal/my-frappe-site/apps/frappe/frappe/database/database.py", line 244, in sql
    self._cursor.execute(query, values)
  File "/home/frapee-pugal/my-frappe-site/env/lib/python3.10/site-packages/pymysql/cursors.py", line 153, in execute
    result = self._query(query)
  File "/home/frapee-pugal/my-frappe-site/env/lib/python3.10/site-packages/pymysql/cursors.py", line 322, in _query
    conn.query(q)
  File "/home/frapee-pugal/my-frappe-site/env/lib/python3.10/site-packages/pymysql/connections.py", line 563, in query
    self._affected_rows = self._read_query_result(unbuffered=unbuffered)
  File "/home/frapee-pugal/my-frappe-site/env/lib/python3.10/site-packages/pymysql/connections.py", line 825, in _read_query_result
    result.read()
  File "/home/frapee-pugal/my-frappe-site/env/lib/python3.10/site-packages/pymysql/connections.py", line 1199, in read
    first_packet = self.connection._read_packet()
  File "/home/frapee-pugal/my-frappe-site/env/lib/python3.10/site-packages/pymysql/connections.py", line 775, in _read_packet
    packet.raise_for_error()
  File "/home/frapee-pugal/my-frappe-site/env/lib/python3.10/site-packages/pymysql/protocol.py", line 219, in raise_for_error
    err.raise_mysql_exception(self._data)
  File "/home/frapee-pugal/my-frappe-site/env/lib/python3.10/site-packages/pymysql/err.py", line 150, in raise_mysql_exception
    raise errorclass(errno, errval)
pymysql.err.ProgrammingError: (1146, "Table '_3c69b8630e4b51d6.tabSingles' doesn't exist")

During handling of the above exception, another exception occurred:

Traceback (most recent call last):
  File "/home/frapee-pugal/my-frappe-site/apps/frappe/frappe/database/database.py", line 672, in get_values
    out = self._get_values_from_table(
  File "/home/frapee-pugal/my-frappe-site/apps/frappe/frappe/database/database.py", line 910, in _get_values_from_table
    return query.run(as_dict=as_dict, debug=debug, update=update, run=run, pluck=pluck)
  File "/home/frapee-pugal/my-frappe-site/apps/frappe/frappe/query_builder/utils.py", line 87, in execute_query
    result = frappe.db.sql(query, params, *args, **kwargs)  # nosemgrep
  File "/home/frapee-pugal/my-frappe-site/apps/frappe/frappe/database/database.py", line 244, in sql
    self._cursor.execute(query, values)
  File "/home/frapee-pugal/my-frappe-site/env/lib/python3.10/site-packages/pymysql/cursors.py", line 153, in execute
    result = self._query(query)
  File "/home/frapee-pugal/my-frappe-site/env/lib/python3.10/site-packages/pymysql/cursors.py", line 322, in _query
    conn.query(q)
  File "/home/frapee-pugal/my-frappe-site/env/lib/python3.10/site-packages/pymysql/connections.py", line 563, in query
    self._affected_rows = self._read_query_result(unbuffered=unbuffered)
  File "/home/frapee-pugal/my-frappe-site/env/lib/python3.10/site-packages/pymysql/connections.py", line 825, in _read_query_result
    result.read()
  File "/home/frapee-pugal/my-frappe-site/env/lib/python3.10/site-packages/pymysql/connections.py", line 1199, in read
    first_packet = self.connection._read_packet()
  File "/home/frapee-pugal/my-frappe-site/env/lib/python3.10/site-packages/pymysql/connections.py", line 775, in _read_packet
    packet.raise_for_error()
  File "/home/frapee-pugal/my-frappe-site/env/lib/python3.10/site-packages/pymysql/protocol.py", line 219, in raise_for_error
    err.raise_mysql_exception(self._data)
  File "/home/frapee-pugal/my-frappe-site/env/lib/python3.10/site-packages/pymysql/err.py", line 150, in raise_mysql_exception
    raise errorclass(errno, errval)
pymysql.err.ProgrammingError: (1146, "Table '_3c69b8630e4b51d6.tabDocType' doesn't exist")

During handling of the above exception, another exception occurred:

Traceback (most recent call last):
  File "/home/frapee-pugal/my-frappe-site/apps/frappe/frappe/app.py", line 115, in application
    response = handle_exception(e)
  File "/home/frapee-pugal/my-frappe-site/apps/frappe/frappe/app.py", line 298, in handle_exception
    allow_traceback = frappe.get_system_settings("allow_error_traceback") if frappe.db else False
  File "/home/frapee-pugal/my-frappe-site/apps/frappe/frappe/__init__.py", line 2289, in get_system_settings
    local.system_settings = get_cached_doc("System Settings")
  File "/home/frapee-pugal/my-frappe-site/apps/frappe/frappe/__init__.py", line 1109, in get_cached_doc
    doc = get_doc(*args, **kwargs)
  File "/home/frapee-pugal/my-frappe-site/apps/frappe/frappe/__init__.py", line 1200, in get_doc
    doc = frappe.model.document.get_doc(*args, **kwargs)
  File "/home/frapee-pugal/my-frappe-site/apps/frappe/frappe/model/document.py", line 76, in get_doc
    controller = get_controller(doctype)
  File "/home/frapee-pugal/my-frappe-site/apps/frappe/frappe/model/base_document.py", line 95, in get_controller
    site_controllers[doctype] = _get_controller()
  File "/home/frapee-pugal/my-frappe-site/apps/frappe/frappe/model/base_document.py", line 61, in _get_controller
    module_name, custom = frappe.db.get_value(
  File "/home/frapee-pugal/my-frappe-site/apps/frappe/frappe/database/database.py", line 568, in get_value
    result = self.get_values(
  File "/home/frapee-pugal/my-frappe-site/apps/frappe/frappe/database/database.py", line 697, in get_values
    out = self.get_values_from_single(
  File "/home/frapee-pugal/my-frappe-site/apps/frappe/frappe/database/database.py", line 747, in get_values_from_single
    r = frappe.qb.get_query(
  File "/home/frapee-pugal/my-frappe-site/apps/frappe/frappe/query_builder/utils.py", line 87, in execute_query
    result = frappe.db.sql(query, params, *args, **kwargs)  # nosemgrep
  File "/home/frapee-pugal/my-frappe-site/apps/frappe/frappe/database/database.py", line 244, in sql
    self._cursor.execute(query, values)
  File "/home/frapee-pugal/my-frappe-site/env/lib/python3.10/site-packages/pymysql/cursors.py", line 153, in execute
    result = self._query(query)
  File "/home/frapee-pugal/my-frappe-site/env/lib/python3.10/site-packages/pymysql/cursors.py", line 322, in _query
    conn.query(q)
  File "/home/frapee-pugal/my-frappe-site/env/lib/python3.10/site-packages/pymysql/connections.py", line 563, in query
    self._affected_rows = self._read_query_result(unbuffered=unbuffered)
  File "/home/frapee-pugal/my-frappe-site/env/lib/python3.10/site-packages/pymysql/connections.py", line 825, in _read_query_result
    result.read()
  File "/home/frapee-pugal/my-frappe-site/env/lib/python3.10/site-packages/pymysql/connections.py", line 1199, in read
    first_packet = self.connection._read_packet()
  File "/home/frapee-pugal/my-frappe-site/env/lib/python3.10/site-packages/pymysql/connections.py", line 775, in _read_packet
    packet.raise_for_error()
  File "/home/frapee-pugal/my-frappe-site/env/lib/python3.10/site-packages/pymysql/protocol.py", line 219, in raise_for_error
    err.raise_mysql_exception(self._data)
  File "/home/frapee-pugal/my-frappe-site/env/lib/python3.10/site-packages/pymysql/err.py", line 150, in raise_mysql_exception
    raise errorclass(errno, errval)
pymysql.err.ProgrammingError: (1146, "Table '_3c69b8630e4b51d6.tabSingles' doesn't exist")

During handling of the above exception, another exception occurred:

Traceback (most recent call last):
  File "/home/frapee-pugal/my-frappe-site/apps/frappe/frappe/utils/caching.py", line 55, in wrapper
    return frappe.local.request_cache[func][args_key]
KeyError: 5740354900026072187

During handling of the above exception, another exception occurred:

Traceback (most recent call last):
  File "/home/frapee-pugal/my-frappe-site/apps/frappe/frappe/utils/caching.py", line 55, in wrapper
    return frappe.local.request_cache[func][args_key]
KeyError: 5649086118128439074

During handling of the above exception, another exception occurred:

Traceback (most recent call last):
  File "/home/frapee-pugal/my-frappe-site/apps/frappe/frappe/app.py", line 129, in application
    run_after_request_hooks(request, response)
  File "/home/frapee-pugal/my-frappe-site/apps/frappe/frappe/app.py", line 145, in run_after_request_hooks
    for after_request_task in frappe.get_hooks("after_request"):
  File "/home/frapee-pugal/my-frappe-site/apps/frappe/frappe/__init__.py", line 1514, in get_hooks
    hooks = _dict(cache().get_value("app_hooks", _load_app_hooks))
  File "/home/frapee-pugal/my-frappe-site/apps/frappe/frappe/utils/redis_wrapper.py", line 81, in get_value
    val = generator()
  File "/home/frapee-pugal/my-frappe-site/apps/frappe/frappe/utils/caching.py", line 57, in wrapper
    return_val = func(*args, **kwargs)
  File "/home/frapee-pugal/my-frappe-site/apps/frappe/frappe/__init__.py", line 1477, in _load_app_hooks
    apps = [app_name] if app_name else get_installed_apps(_ensure_on_bench=True)
  File "/home/frapee-pugal/my-frappe-site/apps/frappe/frappe/utils/caching.py", line 57, in wrapper
    return_val = func(*args, **kwargs)
  File "/home/frapee-pugal/my-frappe-site/apps/frappe/frappe/__init__.py", line 1433, in get_installed_apps
    installed = json.loads(db.get_global("installed_apps") or "[]")
  File "/home/frapee-pugal/my-frappe-site/apps/frappe/frappe/database/database.py", line 1056, in get_global
    return self.get_default(key, user)
  File "/home/frapee-pugal/my-frappe-site/apps/frappe/frappe/database/database.py", line 1060, in get_default
    d = self.get_defaults(key, parent)
  File "/home/frapee-pugal/my-frappe-site/apps/frappe/frappe/database/database.py", line 1076, in get_defaults
    defaults = frappe.defaults.get_defaults_for(parent)
  File "/home/frapee-pugal/my-frappe-site/apps/frappe/frappe/defaults.py", line 238, in get_defaults_for
    frappe.qb.from_(table)
  File "/home/frapee-pugal/my-frappe-site/apps/frappe/frappe/query_builder/utils.py", line 87, in execute_query
    result = frappe.db.sql(query, params, *args, **kwargs)  # nosemgrep
  File "/home/frapee-pugal/my-frappe-site/apps/frappe/frappe/database/database.py", line 244, in sql
    self._cursor.execute(query, values)
  File "/home/frapee-pugal/my-frappe-site/env/lib/python3.10/site-packages/pymysql/cursors.py", line 153, in execute
    result = self._query(query)
  File "/home/frapee-pugal/my-frappe-site/env/lib/python3.10/site-packages/pymysql/cursors.py", line 322, in _query
    conn.query(q)
  File "/home/frapee-pugal/my-frappe-site/env/lib/python3.10/site-packages/pymysql/connections.py", line 563, in query
    self._affected_rows = self._read_query_result(unbuffered=unbuffered)
  File "/home/frapee-pugal/my-frappe-site/env/lib/python3.10/site-packages/pymysql/connections.py", line 825, in _read_query_result
    result.read()
  File "/home/frapee-pugal/my-frappe-site/env/lib/python3.10/site-packages/pymysql/connections.py", line 1199, in read
    first_packet = self.connection._read_packet()
  File "/home/frapee-pugal/my-frappe-site/env/lib/python3.10/site-packages/pymysql/connections.py", line 775, in _read_packet
    packet.raise_for_error()
  File "/home/frapee-pugal/my-frappe-site/env/lib/python3.10/site-packages/pymysql/protocol.py", line 219, in raise_for_error
    err.raise_mysql_exception(self._data)
  File "/home/frapee-pugal/my-frappe-site/env/lib/python3.10/site-packages/pymysql/err.py", line 150, in raise_mysql_exception
    raise errorclass(errno, errval)
pymysql.err.ProgrammingError: (1146, "Table '_3c69b8630e4b51d6.tabDefaultValue' doesn't exist")
2025-02-15 13:30:34,863 ERROR frappe Failed to run after request hook
Site: mysite.localhost
Form Dict: {}
Traceback (most recent call last):
  File "/home/frapee-pugal/my-frappe-site/apps/frappe/frappe/database/database.py", line 672, in get_values
    out = self._get_values_from_table(
  File "/home/frapee-pugal/my-frappe-site/apps/frappe/frappe/database/database.py", line 910, in _get_values_from_table
    return query.run(as_dict=as_dict, debug=debug, update=update, run=run, pluck=pluck)
  File "/home/frapee-pugal/my-frappe-site/apps/frappe/frappe/query_builder/utils.py", line 87, in execute_query
    result = frappe.db.sql(query, params, *args, **kwargs)  # nosemgrep
  File "/home/frapee-pugal/my-frappe-site/apps/frappe/frappe/database/database.py", line 244, in sql
    self._cursor.execute(query, values)
  File "/home/frapee-pugal/my-frappe-site/env/lib/python3.10/site-packages/pymysql/cursors.py", line 153, in execute
    result = self._query(query)
  File "/home/frapee-pugal/my-frappe-site/env/lib/python3.10/site-packages/pymysql/cursors.py", line 322, in _query
    conn.query(q)
  File "/home/frapee-pugal/my-frappe-site/env/lib/python3.10/site-packages/pymysql/connections.py", line 563, in query
    self._affected_rows = self._read_query_result(unbuffered=unbuffered)
  File "/home/frapee-pugal/my-frappe-site/env/lib/python3.10/site-packages/pymysql/connections.py", line 825, in _read_query_result
    result.read()
  File "/home/frapee-pugal/my-frappe-site/env/lib/python3.10/site-packages/pymysql/connections.py", line 1199, in read
    first_packet = self.connection._read_packet()
  File "/home/frapee-pugal/my-frappe-site/env/lib/python3.10/site-packages/pymysql/connections.py", line 775, in _read_packet
    packet.raise_for_error()
  File "/home/frapee-pugal/my-frappe-site/env/lib/python3.10/site-packages/pymysql/protocol.py", line 219, in raise_for_error
    err.raise_mysql_exception(self._data)
  File "/home/frapee-pugal/my-frappe-site/env/lib/python3.10/site-packages/pymysql/err.py", line 150, in raise_mysql_exception
    raise errorclass(errno, errval)
pymysql.err.ProgrammingError: (1146, "Table '_3c69b8630e4b51d6.tabDocType' doesn't exist")

During handling of the above exception, another exception occurred:

Traceback (most recent call last):
  File "/home/frapee-pugal/my-frappe-site/apps/frappe/frappe/app.py", line 86, in application
    init_request(request)
  File "/home/frapee-pugal/my-frappe-site/apps/frappe/frappe/app.py", line 177, in init_request
    frappe.local.http_request = frappe.auth.HTTPRequest()
  File "/home/frapee-pugal/my-frappe-site/apps/frappe/frappe/auth.py", line 38, in __init__
    self.set_session()
  File "/home/frapee-pugal/my-frappe-site/apps/frappe/frappe/auth.py", line 72, in set_session
    frappe.local.login_manager = LoginManager()
  File "/home/frapee-pugal/my-frappe-site/apps/frappe/frappe/auth.py", line 118, in __init__
    self.make_session(resume=True)
  File "/home/frapee-pugal/my-frappe-site/apps/frappe/frappe/auth.py", line 206, in make_session
    frappe.local.session_obj = Session(
  File "/home/frapee-pugal/my-frappe-site/apps/frappe/frappe/sessions.py", line 233, in __init__
    self.resume()
  File "/home/frapee-pugal/my-frappe-site/apps/frappe/frappe/sessions.py", line 324, in resume
    self.validate_user()
  File "/home/frapee-pugal/my-frappe-site/apps/frappe/frappe/sessions.py", line 241, in validate_user
    if not frappe.get_cached_value("User", self.user, "enabled"):
  File "/home/frapee-pugal/my-frappe-site/apps/frappe/frappe/__init__.py", line 1166, in get_cached_value
    doc = get_cached_doc(doctype, name)
  File "/home/frapee-pugal/my-frappe-site/apps/frappe/frappe/__init__.py", line 1109, in get_cached_doc
    doc = get_doc(*args, **kwargs)
  File "/home/frapee-pugal/my-frappe-site/apps/frappe/frappe/__init__.py", line 1200, in get_doc
    doc = frappe.model.document.get_doc(*args, **kwargs)
  File "/home/frapee-pugal/my-frappe-site/apps/frappe/frappe/model/document.py", line 76, in get_doc
    controller = get_controller(doctype)
  File "/home/frapee-pugal/my-frappe-site/apps/frappe/frappe/model/base_document.py", line 95, in get_controller
    site_controllers[doctype] = _get_controller()
  File "/home/frapee-pugal/my-frappe-site/apps/frappe/frappe/model/base_document.py", line 61, in _get_controller
    module_name, custom = frappe.db.get_value(
  File "/home/frapee-pugal/my-frappe-site/apps/frappe/frappe/database/database.py", line 568, in get_value
    result = self.get_values(
  File "/home/frapee-pugal/my-frappe-site/apps/frappe/frappe/database/database.py", line 697, in get_values
    out = self.get_values_from_single(
  File "/home/frapee-pugal/my-frappe-site/apps/frappe/frappe/database/database.py", line 747, in get_values_from_single
    r = frappe.qb.get_query(
  File "/home/frapee-pugal/my-frappe-site/apps/frappe/frappe/query_builder/utils.py", line 87, in execute_query
    result = frappe.db.sql(query, params, *args, **kwargs)  # nosemgrep
  File "/home/frapee-pugal/my-frappe-site/apps/frappe/frappe/database/database.py", line 244, in sql
    self._cursor.execute(query, values)
  File "/home/frapee-pugal/my-frappe-site/env/lib/python3.10/site-packages/pymysql/cursors.py", line 153, in execute
    result = self._query(query)
  File "/home/frapee-pugal/my-frappe-site/env/lib/python3.10/site-packages/pymysql/cursors.py", line 322, in _query
    conn.query(q)
  File "/home/frapee-pugal/my-frappe-site/env/lib/python3.10/site-packages/pymysql/connections.py", line 563, in query
    self._affected_rows = self._read_query_result(unbuffered=unbuffered)
  File "/home/frapee-pugal/my-frappe-site/env/lib/python3.10/site-packages/pymysql/connections.py", line 825, in _read_query_result
    result.read()
  File "/home/frapee-pugal/my-frappe-site/env/lib/python3.10/site-packages/pymysql/connections.py", line 1199, in read
    first_packet = self.connection._read_packet()
  File "/home/frapee-pugal/my-frappe-site/env/lib/python3.10/site-packages/pymysql/connections.py", line 775, in _read_packet
    packet.raise_for_error()
  File "/home/frapee-pugal/my-frappe-site/env/lib/python3.10/site-packages/pymysql/protocol.py", line 219, in raise_for_error
    err.raise_mysql_exception(self._data)
  File "/home/frapee-pugal/my-frappe-site/env/lib/python3.10/site-packages/pymysql/err.py", line 150, in raise_mysql_exception
    raise errorclass(errno, errval)
pymysql.err.ProgrammingError: (1146, "Table '_3c69b8630e4b51d6.tabSingles' doesn't exist")

During handling of the above exception, another exception occurred:

Traceback (most recent call last):
  File "/home/frapee-pugal/my-frappe-site/apps/frappe/frappe/database/database.py", line 672, in get_values
    out = self._get_values_from_table(
  File "/home/frapee-pugal/my-frappe-site/apps/frappe/frappe/database/database.py", line 910, in _get_values_from_table
    return query.run(as_dict=as_dict, debug=debug, update=update, run=run, pluck=pluck)
  File "/home/frapee-pugal/my-frappe-site/apps/frappe/frappe/query_builder/utils.py", line 87, in execute_query
    result = frappe.db.sql(query, params, *args, **kwargs)  # nosemgrep
  File "/home/frapee-pugal/my-frappe-site/apps/frappe/frappe/database/database.py", line 244, in sql
    self._cursor.execute(query, values)
  File "/home/frapee-pugal/my-frappe-site/env/lib/python3.10/site-packages/pymysql/cursors.py", line 153, in execute
    result = self._query(query)
  File "/home/frapee-pugal/my-frappe-site/env/lib/python3.10/site-packages/pymysql/cursors.py", line 322, in _query
    conn.query(q)
  File "/home/frapee-pugal/my-frappe-site/env/lib/python3.10/site-packages/pymysql/connections.py", line 563, in query
    self._affected_rows = self._read_query_result(unbuffered=unbuffered)
  File "/home/frapee-pugal/my-frappe-site/env/lib/python3.10/site-packages/pymysql/connections.py", line 825, in _read_query_result
    result.read()
  File "/home/frapee-pugal/my-frappe-site/env/lib/python3.10/site-packages/pymysql/connections.py", line 1199, in read
    first_packet = self.connection._read_packet()
  File "/home/frapee-pugal/my-frappe-site/env/lib/python3.10/site-packages/pymysql/connections.py", line 775, in _read_packet
    packet.raise_for_error()
  File "/home/frapee-pugal/my-frappe-site/env/lib/python3.10/site-packages/pymysql/protocol.py", line 219, in raise_for_error
    err.raise_mysql_exception(self._data)
  File "/home/frapee-pugal/my-frappe-site/env/lib/python3.10/site-packages/pymysql/err.py", line 150, in raise_mysql_exception
    raise errorclass(errno, errval)
pymysql.err.ProgrammingError: (1146, "Table '_3c69b8630e4b51d6.tabDocType' doesn't exist")

During handling of the above exception, another exception occurred:

Traceback (most recent call last):
  File "/home/frapee-pugal/my-frappe-site/apps/frappe/frappe/app.py", line 115, in application
    response = handle_exception(e)
  File "/home/frapee-pugal/my-frappe-site/apps/frappe/frappe/app.py", line 298, in handle_exception
    allow_traceback = frappe.get_system_settings("allow_error_traceback") if frappe.db else False
  File "/home/frapee-pugal/my-frappe-site/apps/frappe/frappe/__init__.py", line 2289, in get_system_settings
    local.system_settings = get_cached_doc("System Settings")
  File "/home/frapee-pugal/my-frappe-site/apps/frappe/frappe/__init__.py", line 1109, in get_cached_doc
    doc = get_doc(*args, **kwargs)
  File "/home/frapee-pugal/my-frappe-site/apps/frappe/frappe/__init__.py", line 1200, in get_doc
    doc = frappe.model.document.get_doc(*args, **kwargs)
  File "/home/frapee-pugal/my-frappe-site/apps/frappe/frappe/model/document.py", line 76, in get_doc
    controller = get_controller(doctype)
  File "/home/frapee-pugal/my-frappe-site/apps/frappe/frappe/model/base_document.py", line 95, in get_controller
    site_controllers[doctype] = _get_controller()
  File "/home/frapee-pugal/my-frappe-site/apps/frappe/frappe/model/base_document.py", line 61, in _get_controller
    module_name, custom = frappe.db.get_value(
  File "/home/frapee-pugal/my-frappe-site/apps/frappe/frappe/database/database.py", line 568, in get_value
    result = self.get_values(
  File "/home/frapee-pugal/my-frappe-site/apps/frappe/frappe/database/database.py", line 697, in get_values
    out = self.get_values_from_single(
  File "/home/frapee-pugal/my-frappe-site/apps/frappe/frappe/database/database.py", line 747, in get_values_from_single
    r = frappe.qb.get_query(
  File "/home/frapee-pugal/my-frappe-site/apps/frappe/frappe/query_builder/utils.py", line 87, in execute_query
    result = frappe.db.sql(query, params, *args, **kwargs)  # nosemgrep
  File "/home/frapee-pugal/my-frappe-site/apps/frappe/frappe/database/database.py", line 244, in sql
    self._cursor.execute(query, values)
  File "/home/frapee-pugal/my-frappe-site/env/lib/python3.10/site-packages/pymysql/cursors.py", line 153, in execute
    result = self._query(query)
  File "/home/frapee-pugal/my-frappe-site/env/lib/python3.10/site-packages/pymysql/cursors.py", line 322, in _query
    conn.query(q)
  File "/home/frapee-pugal/my-frappe-site/env/lib/python3.10/site-packages/pymysql/connections.py", line 563, in query
    self._affected_rows = self._read_query_result(unbuffered=unbuffered)
  File "/home/frapee-pugal/my-frappe-site/env/lib/python3.10/site-packages/pymysql/connections.py", line 825, in _read_query_result
    result.read()
  File "/home/frapee-pugal/my-frappe-site/env/lib/python3.10/site-packages/pymysql/connections.py", line 1199, in read
    first_packet = self.connection._read_packet()
  File "/home/frapee-pugal/my-frappe-site/env/lib/python3.10/site-packages/pymysql/connections.py", line 775, in _read_packet
    packet.raise_for_error()
  File "/home/frapee-pugal/my-frappe-site/env/lib/python3.10/site-packages/pymysql/protocol.py", line 219, in raise_for_error
    err.raise_mysql_exception(self._data)
  File "/home/frapee-pugal/my-frappe-site/env/lib/python3.10/site-packages/pymysql/err.py", line 150, in raise_mysql_exception
    raise errorclass(errno, errval)
pymysql.err.ProgrammingError: (1146, "Table '_3c69b8630e4b51d6.tabSingles' doesn't exist")

During handling of the above exception, another exception occurred:

Traceback (most recent call last):
  File "/home/frapee-pugal/my-frappe-site/apps/frappe/frappe/utils/caching.py", line 55, in wrapper
    return frappe.local.request_cache[func][args_key]
KeyError: 5740354900026072187

During handling of the above exception, another exception occurred:

Traceback (most recent call last):
  File "/home/frapee-pugal/my-frappe-site/apps/frappe/frappe/utils/caching.py", line 55, in wrapper
    return frappe.local.request_cache[func][args_key]
KeyError: 5649086118128439074

During handling of the above exception, another exception occurred:

Traceback (most recent call last):
  File "/home/frapee-pugal/my-frappe-site/apps/frappe/frappe/app.py", line 129, in application
    run_after_request_hooks(request, response)
  File "/home/frapee-pugal/my-frappe-site/apps/frappe/frappe/app.py", line 145, in run_after_request_hooks
    for after_request_task in frappe.get_hooks("after_request"):
  File "/home/frapee-pugal/my-frappe-site/apps/frappe/frappe/__init__.py", line 1514, in get_hooks
    hooks = _dict(cache().get_value("app_hooks", _load_app_hooks))
  File "/home/frapee-pugal/my-frappe-site/apps/frappe/frappe/utils/redis_wrapper.py", line 81, in get_value
    val = generator()
  File "/home/frapee-pugal/my-frappe-site/apps/frappe/frappe/utils/caching.py", line 57, in wrapper
    return_val = func(*args, **kwargs)
  File "/home/frapee-pugal/my-frappe-site/apps/frappe/frappe/__init__.py", line 1477, in _load_app_hooks
    apps = [app_name] if app_name else get_installed_apps(_ensure_on_bench=True)
  File "/home/frapee-pugal/my-frappe-site/apps/frappe/frappe/utils/caching.py", line 57, in wrapper
    return_val = func(*args, **kwargs)
  File "/home/frapee-pugal/my-frappe-site/apps/frappe/frappe/__init__.py", line 1433, in get_installed_apps
    installed = json.loads(db.get_global("installed_apps") or "[]")
  File "/home/frapee-pugal/my-frappe-site/apps/frappe/frappe/database/database.py", line 1056, in get_global
    return self.get_default(key, user)
  File "/home/frapee-pugal/my-frappe-site/apps/frappe/frappe/database/database.py", line 1060, in get_default
    d = self.get_defaults(key, parent)
  File "/home/frapee-pugal/my-frappe-site/apps/frappe/frappe/database/database.py", line 1076, in get_defaults
    defaults = frappe.defaults.get_defaults_for(parent)
  File "/home/frapee-pugal/my-frappe-site/apps/frappe/frappe/defaults.py", line 238, in get_defaults_for
    frappe.qb.from_(table)
  File "/home/frapee-pugal/my-frappe-site/apps/frappe/frappe/query_builder/utils.py", line 87, in execute_query
    result = frappe.db.sql(query, params, *args, **kwargs)  # nosemgrep
  File "/home/frapee-pugal/my-frappe-site/apps/frappe/frappe/database/database.py", line 244, in sql
    self._cursor.execute(query, values)
  File "/home/frapee-pugal/my-frappe-site/env/lib/python3.10/site-packages/pymysql/cursors.py", line 153, in execute
    result = self._query(query)
  File "/home/frapee-pugal/my-frappe-site/env/lib/python3.10/site-packages/pymysql/cursors.py", line 322, in _query
    conn.query(q)
  File "/home/frapee-pugal/my-frappe-site/env/lib/python3.10/site-packages/pymysql/connections.py", line 563, in query
    self._affected_rows = self._read_query_result(unbuffered=unbuffered)
  File "/home/frapee-pugal/my-frappe-site/env/lib/python3.10/site-packages/pymysql/connections.py", line 825, in _read_query_result
    result.read()
  File "/home/frapee-pugal/my-frappe-site/env/lib/python3.10/site-packages/pymysql/connections.py", line 1199, in read
    first_packet = self.connection._read_packet()
  File "/home/frapee-pugal/my-frappe-site/env/lib/python3.10/site-packages/pymysql/connections.py", line 775, in _read_packet
    packet.raise_for_error()
  File "/home/frapee-pugal/my-frappe-site/env/lib/python3.10/site-packages/pymysql/protocol.py", line 219, in raise_for_error
    err.raise_mysql_exception(self._data)
  File "/home/frapee-pugal/my-frappe-site/env/lib/python3.10/site-packages/pymysql/err.py", line 150, in raise_mysql_exception
    raise errorclass(errno, errval)
pymysql.err.ProgrammingError: (1146, "Table '_3c69b8630e4b51d6.tabDefaultValue' doesn't exist")
2025-02-15 13:32:09,699 ERROR frappe Failed to run after request hook
Site: mysite.localhost
Form Dict: {}
Traceback (most recent call last):
  File "/home/frapee-pugal/my-frappe-site/apps/frappe/frappe/database/database.py", line 672, in get_values
    out = self._get_values_from_table(
  File "/home/frapee-pugal/my-frappe-site/apps/frappe/frappe/database/database.py", line 910, in _get_values_from_table
    return query.run(as_dict=as_dict, debug=debug, update=update, run=run, pluck=pluck)
  File "/home/frapee-pugal/my-frappe-site/apps/frappe/frappe/query_builder/utils.py", line 87, in execute_query
    result = frappe.db.sql(query, params, *args, **kwargs)  # nosemgrep
  File "/home/frapee-pugal/my-frappe-site/apps/frappe/frappe/database/database.py", line 244, in sql
    self._cursor.execute(query, values)
  File "/home/frapee-pugal/my-frappe-site/env/lib/python3.10/site-packages/pymysql/cursors.py", line 153, in execute
    result = self._query(query)
  File "/home/frapee-pugal/my-frappe-site/env/lib/python3.10/site-packages/pymysql/cursors.py", line 322, in _query
    conn.query(q)
  File "/home/frapee-pugal/my-frappe-site/env/lib/python3.10/site-packages/pymysql/connections.py", line 563, in query
    self._affected_rows = self._read_query_result(unbuffered=unbuffered)
  File "/home/frapee-pugal/my-frappe-site/env/lib/python3.10/site-packages/pymysql/connections.py", line 825, in _read_query_result
    result.read()
  File "/home/frapee-pugal/my-frappe-site/env/lib/python3.10/site-packages/pymysql/connections.py", line 1199, in read
    first_packet = self.connection._read_packet()
  File "/home/frapee-pugal/my-frappe-site/env/lib/python3.10/site-packages/pymysql/connections.py", line 775, in _read_packet
    packet.raise_for_error()
  File "/home/frapee-pugal/my-frappe-site/env/lib/python3.10/site-packages/pymysql/protocol.py", line 219, in raise_for_error
    err.raise_mysql_exception(self._data)
  File "/home/frapee-pugal/my-frappe-site/env/lib/python3.10/site-packages/pymysql/err.py", line 150, in raise_mysql_exception
    raise errorclass(errno, errval)
pymysql.err.ProgrammingError: (1146, "Table '_3c69b8630e4b51d6.tabDocType' doesn't exist")

During handling of the above exception, another exception occurred:

Traceback (most recent call last):
  File "/home/frapee-pugal/my-frappe-site/apps/frappe/frappe/app.py", line 86, in application
    init_request(request)
  File "/home/frapee-pugal/my-frappe-site/apps/frappe/frappe/app.py", line 177, in init_request
    frappe.local.http_request = frappe.auth.HTTPRequest()
  File "/home/frapee-pugal/my-frappe-site/apps/frappe/frappe/auth.py", line 38, in __init__
    self.set_session()
  File "/home/frapee-pugal/my-frappe-site/apps/frappe/frappe/auth.py", line 72, in set_session
    frappe.local.login_manager = LoginManager()
  File "/home/frapee-pugal/my-frappe-site/apps/frappe/frappe/auth.py", line 118, in __init__
    self.make_session(resume=True)
  File "/home/frapee-pugal/my-frappe-site/apps/frappe/frappe/auth.py", line 206, in make_session
    frappe.local.session_obj = Session(
  File "/home/frapee-pugal/my-frappe-site/apps/frappe/frappe/sessions.py", line 233, in __init__
    self.resume()
  File "/home/frapee-pugal/my-frappe-site/apps/frappe/frappe/sessions.py", line 324, in resume
    self.validate_user()
  File "/home/frapee-pugal/my-frappe-site/apps/frappe/frappe/sessions.py", line 241, in validate_user
    if not frappe.get_cached_value("User", self.user, "enabled"):
  File "/home/frapee-pugal/my-frappe-site/apps/frappe/frappe/__init__.py", line 1166, in get_cached_value
    doc = get_cached_doc(doctype, name)
  File "/home/frapee-pugal/my-frappe-site/apps/frappe/frappe/__init__.py", line 1109, in get_cached_doc
    doc = get_doc(*args, **kwargs)
  File "/home/frapee-pugal/my-frappe-site/apps/frappe/frappe/__init__.py", line 1200, in get_doc
    doc = frappe.model.document.get_doc(*args, **kwargs)
  File "/home/frapee-pugal/my-frappe-site/apps/frappe/frappe/model/document.py", line 76, in get_doc
    controller = get_controller(doctype)
  File "/home/frapee-pugal/my-frappe-site/apps/frappe/frappe/model/base_document.py", line 95, in get_controller
    site_controllers[doctype] = _get_controller()
  File "/home/frapee-pugal/my-frappe-site/apps/frappe/frappe/model/base_document.py", line 61, in _get_controller
    module_name, custom = frappe.db.get_value(
  File "/home/frapee-pugal/my-frappe-site/apps/frappe/frappe/database/database.py", line 568, in get_value
    result = self.get_values(
  File "/home/frapee-pugal/my-frappe-site/apps/frappe/frappe/database/database.py", line 697, in get_values
    out = self.get_values_from_single(
  File "/home/frapee-pugal/my-frappe-site/apps/frappe/frappe/database/database.py", line 747, in get_values_from_single
    r = frappe.qb.get_query(
  File "/home/frapee-pugal/my-frappe-site/apps/frappe/frappe/query_builder/utils.py", line 87, in execute_query
    result = frappe.db.sql(query, params, *args, **kwargs)  # nosemgrep
  File "/home/frapee-pugal/my-frappe-site/apps/frappe/frappe/database/database.py", line 244, in sql
    self._cursor.execute(query, values)
  File "/home/frapee-pugal/my-frappe-site/env/lib/python3.10/site-packages/pymysql/cursors.py", line 153, in execute
    result = self._query(query)
  File "/home/frapee-pugal/my-frappe-site/env/lib/python3.10/site-packages/pymysql/cursors.py", line 322, in _query
    conn.query(q)
  File "/home/frapee-pugal/my-frappe-site/env/lib/python3.10/site-packages/pymysql/connections.py", line 563, in query
    self._affected_rows = self._read_query_result(unbuffered=unbuffered)
  File "/home/frapee-pugal/my-frappe-site/env/lib/python3.10/site-packages/pymysql/connections.py", line 825, in _read_query_result
    result.read()
  File "/home/frapee-pugal/my-frappe-site/env/lib/python3.10/site-packages/pymysql/connections.py", line 1199, in read
    first_packet = self.connection._read_packet()
  File "/home/frapee-pugal/my-frappe-site/env/lib/python3.10/site-packages/pymysql/connections.py", line 775, in _read_packet
    packet.raise_for_error()
  File "/home/frapee-pugal/my-frappe-site/env/lib/python3.10/site-packages/pymysql/protocol.py", line 219, in raise_for_error
    err.raise_mysql_exception(self._data)
  File "/home/frapee-pugal/my-frappe-site/env/lib/python3.10/site-packages/pymysql/err.py", line 150, in raise_mysql_exception
    raise errorclass(errno, errval)
pymysql.err.ProgrammingError: (1146, "Table '_3c69b8630e4b51d6.tabSingles' doesn't exist")

During handling of the above exception, another exception occurred:

Traceback (most recent call last):
  File "/home/frapee-pugal/my-frappe-site/apps/frappe/frappe/database/database.py", line 672, in get_values
    out = self._get_values_from_table(
  File "/home/frapee-pugal/my-frappe-site/apps/frappe/frappe/database/database.py", line 910, in _get_values_from_table
    return query.run(as_dict=as_dict, debug=debug, update=update, run=run, pluck=pluck)
  File "/home/frapee-pugal/my-frappe-site/apps/frappe/frappe/query_builder/utils.py", line 87, in execute_query
    result = frappe.db.sql(query, params, *args, **kwargs)  # nosemgrep
  File "/home/frapee-pugal/my-frappe-site/apps/frappe/frappe/database/database.py", line 244, in sql
    self._cursor.execute(query, values)
  File "/home/frapee-pugal/my-frappe-site/env/lib/python3.10/site-packages/pymysql/cursors.py", line 153, in execute
    result = self._query(query)
  File "/home/frapee-pugal/my-frappe-site/env/lib/python3.10/site-packages/pymysql/cursors.py", line 322, in _query
    conn.query(q)
  File "/home/frapee-pugal/my-frappe-site/env/lib/python3.10/site-packages/pymysql/connections.py", line 563, in query
    self._affected_rows = self._read_query_result(unbuffered=unbuffered)
  File "/home/frapee-pugal/my-frappe-site/env/lib/python3.10/site-packages/pymysql/connections.py", line 825, in _read_query_result
    result.read()
  File "/home/frapee-pugal/my-frappe-site/env/lib/python3.10/site-packages/pymysql/connections.py", line 1199, in read
    first_packet = self.connection._read_packet()
  File "/home/frapee-pugal/my-frappe-site/env/lib/python3.10/site-packages/pymysql/connections.py", line 775, in _read_packet
    packet.raise_for_error()
  File "/home/frapee-pugal/my-frappe-site/env/lib/python3.10/site-packages/pymysql/protocol.py", line 219, in raise_for_error
    err.raise_mysql_exception(self._data)
  File "/home/frapee-pugal/my-frappe-site/env/lib/python3.10/site-packages/pymysql/err.py", line 150, in raise_mysql_exception
    raise errorclass(errno, errval)
pymysql.err.ProgrammingError: (1146, "Table '_3c69b8630e4b51d6.tabDocType' doesn't exist")

During handling of the above exception, another exception occurred:

Traceback (most recent call last):
  File "/home/frapee-pugal/my-frappe-site/apps/frappe/frappe/app.py", line 115, in application
    response = handle_exception(e)
  File "/home/frapee-pugal/my-frappe-site/apps/frappe/frappe/app.py", line 298, in handle_exception
    allow_traceback = frappe.get_system_settings("allow_error_traceback") if frappe.db else False
  File "/home/frapee-pugal/my-frappe-site/apps/frappe/frappe/__init__.py", line 2289, in get_system_settings
    local.system_settings = get_cached_doc("System Settings")
  File "/home/frapee-pugal/my-frappe-site/apps/frappe/frappe/__init__.py", line 1109, in get_cached_doc
    doc = get_doc(*args, **kwargs)
  File "/home/frapee-pugal/my-frappe-site/apps/frappe/frappe/__init__.py", line 1200, in get_doc
    doc = frappe.model.document.get_doc(*args, **kwargs)
  File "/home/frapee-pugal/my-frappe-site/apps/frappe/frappe/model/document.py", line 76, in get_doc
    controller = get_controller(doctype)
  File "/home/frapee-pugal/my-frappe-site/apps/frappe/frappe/model/base_document.py", line 95, in get_controller
    site_controllers[doctype] = _get_controller()
  File "/home/frapee-pugal/my-frappe-site/apps/frappe/frappe/model/base_document.py", line 61, in _get_controller
    module_name, custom = frappe.db.get_value(
  File "/home/frapee-pugal/my-frappe-site/apps/frappe/frappe/database/database.py", line 568, in get_value
    result = self.get_values(
  File "/home/frapee-pugal/my-frappe-site/apps/frappe/frappe/database/database.py", line 697, in get_values
    out = self.get_values_from_single(
  File "/home/frapee-pugal/my-frappe-site/apps/frappe/frappe/database/database.py", line 747, in get_values_from_single
    r = frappe.qb.get_query(
  File "/home/frapee-pugal/my-frappe-site/apps/frappe/frappe/query_builder/utils.py", line 87, in execute_query
    result = frappe.db.sql(query, params, *args, **kwargs)  # nosemgrep
  File "/home/frapee-pugal/my-frappe-site/apps/frappe/frappe/database/database.py", line 244, in sql
    self._cursor.execute(query, values)
  File "/home/frapee-pugal/my-frappe-site/env/lib/python3.10/site-packages/pymysql/cursors.py", line 153, in execute
    result = self._query(query)
  File "/home/frapee-pugal/my-frappe-site/env/lib/python3.10/site-packages/pymysql/cursors.py", line 322, in _query
    conn.query(q)
  File "/home/frapee-pugal/my-frappe-site/env/lib/python3.10/site-packages/pymysql/connections.py", line 563, in query
    self._affected_rows = self._read_query_result(unbuffered=unbuffered)
  File "/home/frapee-pugal/my-frappe-site/env/lib/python3.10/site-packages/pymysql/connections.py", line 825, in _read_query_result
    result.read()
  File "/home/frapee-pugal/my-frappe-site/env/lib/python3.10/site-packages/pymysql/connections.py", line 1199, in read
    first_packet = self.connection._read_packet()
  File "/home/frapee-pugal/my-frappe-site/env/lib/python3.10/site-packages/pymysql/connections.py", line 775, in _read_packet
    packet.raise_for_error()
  File "/home/frapee-pugal/my-frappe-site/env/lib/python3.10/site-packages/pymysql/protocol.py", line 219, in raise_for_error
    err.raise_mysql_exception(self._data)
  File "/home/frapee-pugal/my-frappe-site/env/lib/python3.10/site-packages/pymysql/err.py", line 150, in raise_mysql_exception
    raise errorclass(errno, errval)
pymysql.err.ProgrammingError: (1146, "Table '_3c69b8630e4b51d6.tabSingles' doesn't exist")

During handling of the above exception, another exception occurred:

Traceback (most recent call last):
  File "/home/frapee-pugal/my-frappe-site/apps/frappe/frappe/utils/caching.py", line 55, in wrapper
    return frappe.local.request_cache[func][args_key]
KeyError: 5740354900026072187

During handling of the above exception, another exception occurred:

Traceback (most recent call last):
  File "/home/frapee-pugal/my-frappe-site/apps/frappe/frappe/utils/caching.py", line 55, in wrapper
    return frappe.local.request_cache[func][args_key]
KeyError: 5649086118128439074

During handling of the above exception, another exception occurred:

Traceback (most recent call last):
  File "/home/frapee-pugal/my-frappe-site/apps/frappe/frappe/app.py", line 129, in application
    run_after_request_hooks(request, response)
  File "/home/frapee-pugal/my-frappe-site/apps/frappe/frappe/app.py", line 145, in run_after_request_hooks
    for after_request_task in frappe.get_hooks("after_request"):
  File "/home/frapee-pugal/my-frappe-site/apps/frappe/frappe/__init__.py", line 1514, in get_hooks
    hooks = _dict(cache().get_value("app_hooks", _load_app_hooks))
  File "/home/frapee-pugal/my-frappe-site/apps/frappe/frappe/utils/redis_wrapper.py", line 81, in get_value
    val = generator()
  File "/home/frapee-pugal/my-frappe-site/apps/frappe/frappe/utils/caching.py", line 57, in wrapper
    return_val = func(*args, **kwargs)
  File "/home/frapee-pugal/my-frappe-site/apps/frappe/frappe/__init__.py", line 1477, in _load_app_hooks
    apps = [app_name] if app_name else get_installed_apps(_ensure_on_bench=True)
  File "/home/frapee-pugal/my-frappe-site/apps/frappe/frappe/utils/caching.py", line 57, in wrapper
    return_val = func(*args, **kwargs)
  File "/home/frapee-pugal/my-frappe-site/apps/frappe/frappe/__init__.py", line 1433, in get_installed_apps
    installed = json.loads(db.get_global("installed_apps") or "[]")
  File "/home/frapee-pugal/my-frappe-site/apps/frappe/frappe/database/database.py", line 1056, in get_global
    return self.get_default(key, user)
  File "/home/frapee-pugal/my-frappe-site/apps/frappe/frappe/database/database.py", line 1060, in get_default
    d = self.get_defaults(key, parent)
  File "/home/frapee-pugal/my-frappe-site/apps/frappe/frappe/database/database.py", line 1076, in get_defaults
    defaults = frappe.defaults.get_defaults_for(parent)
  File "/home/frapee-pugal/my-frappe-site/apps/frappe/frappe/defaults.py", line 238, in get_defaults_for
    frappe.qb.from_(table)
  File "/home/frapee-pugal/my-frappe-site/apps/frappe/frappe/query_builder/utils.py", line 87, in execute_query
    result = frappe.db.sql(query, params, *args, **kwargs)  # nosemgrep
  File "/home/frapee-pugal/my-frappe-site/apps/frappe/frappe/database/database.py", line 244, in sql
    self._cursor.execute(query, values)
  File "/home/frapee-pugal/my-frappe-site/env/lib/python3.10/site-packages/pymysql/cursors.py", line 153, in execute
    result = self._query(query)
  File "/home/frapee-pugal/my-frappe-site/env/lib/python3.10/site-packages/pymysql/cursors.py", line 322, in _query
    conn.query(q)
  File "/home/frapee-pugal/my-frappe-site/env/lib/python3.10/site-packages/pymysql/connections.py", line 563, in query
    self._affected_rows = self._read_query_result(unbuffered=unbuffered)
  File "/home/frapee-pugal/my-frappe-site/env/lib/python3.10/site-packages/pymysql/connections.py", line 825, in _read_query_result
    result.read()
  File "/home/frapee-pugal/my-frappe-site/env/lib/python3.10/site-packages/pymysql/connections.py", line 1199, in read
    first_packet = self.connection._read_packet()
  File "/home/frapee-pugal/my-frappe-site/env/lib/python3.10/site-packages/pymysql/connections.py", line 775, in _read_packet
    packet.raise_for_error()
  File "/home/frapee-pugal/my-frappe-site/env/lib/python3.10/site-packages/pymysql/protocol.py", line 219, in raise_for_error
    err.raise_mysql_exception(self._data)
  File "/home/frapee-pugal/my-frappe-site/env/lib/python3.10/site-packages/pymysql/err.py", line 150, in raise_mysql_exception
    raise errorclass(errno, errval)
pymysql.err.ProgrammingError: (1146, "Table '_3c69b8630e4b51d6.tabDefaultValue' doesn't exist")
2025-03-03 06:59:25,661 ERROR frappe New Exception collected with id: 2025-03-03 06:59:25.446675-127.0.0.1-a74
Site: mysite.localhost
Form Dict: {'report_name': 'Purchase Order Analysis', 'filters': '{"group_by_po":0,"company":"Magizh Solution","from_date":"2025-02-03","to_date":"2025-03-03"}', 'ignore_prepared_report': '1', 'cmd': 'frappe.desk.query_report.run'}
2025-03-03 07:53:15,527 ERROR frappe New Exception collected with id: 2025-03-03 07:53:14.787103-127.0.0.1-914
Site: mysite.localhost
Form Dict: {'report_name': 'Reorder Items', 'filters': '{}', 'ignore_prepared_report': 'false', 'are_default_filters': 'true', 'cmd': 'frappe.desk.query_report.run'}
2025-03-03 08:11:29,046 ERROR frappe New Exception collected with id: 2025-03-03 08:11:28.755749-127.0.0.1-21b
Site: mysite.localhost
Form Dict: {'report_name': 'Purchase Order Analysis', 'filters': '{"group_by_po":0,"company":"Magizh Solution","from_date":"2025-02-03","to_date":"2025-03-03"}', 'ignore_prepared_report': '1', 'cmd': 'frappe.desk.query_report.run'}
2025-03-03 09:29:50,849 ERROR frappe New Exception collected with id: 2025-03-03 09:29:50.361255-127.0.0.1-030
Site: mysite.localhost
Form Dict: {'report_name': 'Reorder Items', 'filters': '{}', 'ignore_prepared_report': '1', 'cmd': 'frappe.desk.query_report.run'}
2025-03-21 11:36:01,841 ERROR frappe New Exception collected with id: 2025-03-21 11:36:01.468740-127.0.0.1-b79
Site: mysite.localhost
Form Dict: {'report_name': 'Reorder Items', 'filters': '', 'ignore_prepared_report': '1', 'cmd': 'frappe.desk.query_report.run'}
2025-03-21 11:36:24,826 ERROR frappe New Exception collected with id: 2025-03-21 11:36:24.344714-127.0.0.1-c02
Site: mysite.localhost
Form Dict: {'report_name': 'Reorder Items', 'filters': '', 'ignore_prepared_report': '1', 'cmd': 'frappe.desk.query_report.run'}
2025-06-18 05:54:29,439 ERROR frappe New Exception collected with id: 2025-06-18 05:54:28.837609-127.0.0.1-c99
Site: mysite.localhost
Form Dict: {'report_name': 'Purchase Order Analysis', 'filters': '{"group_by_po":0,"company":"Magizh Solution","from_date":"2025-05-18","to_date":"2025-06-18"}', 'ignore_prepared_report': '1', 'cmd': 'frappe.desk.query_report.run'}
2025-06-18 06:41:24,718 ERROR frappe New Exception collected with id: 2025-06-18 06:41:24.638335-127.0.0.1-8de
Site: mysite.localhost
Form Dict: {'doctype': 'List View Settings', 'with_parent': '1', 'cached_timestamp': '', 'cmd': 'frappe.desk.form.load.getdoctype'}
2025-06-19 08:30:17,641 ERROR frappe New Exception collected with id: 2025-06-19 08:30:15.450633-127.0.0.1-9a9
Site: mysite.localhost
Form Dict: {'report_name': 'Purchase Order Analysis', 'filters': '{"group_by_po":0,"company":"Magizh Solution","from_date":"2025-05-19","to_date":"2025-06-19"}', 'ignore_prepared_report': '1', 'cmd': 'frappe.desk.query_report.run'}
2025-06-19 08:32:39,444 ERROR frappe New Exception collected with id: 2025-06-19 08:32:39.247139-127.0.0.1-e0b
Site: mysite.localhost
Form Dict: {'report_name': 'Purchase Order Analysis', 'filters': '{"group_by_po":0,"company":"Magizh Solution","from_date":"2025-05-19","to_date":"2025-06-19"}', 'ignore_prepared_report': '1', 'cmd': 'frappe.desk.query_report.run'}
2025-06-19 08:52:36,283 ERROR frappe New Exception collected with id: 2025-06-19 08:52:36.232012-127.0.0.1-159
Site: mysite.localhost
Form Dict: {'doc': '{"name":"Sales Invoice Report","owner":"Administrator","creation":"2025-06-19 14:18:17.580936","modified":"2025-06-19 14:18:17.580936","modified_by":"Administrator","docstatus":0,"idx":0,"report_name":"Sales Invoice Report","ref_doctype":"Sales Invoice","is_standard":"Yes","module":"Accounts","report_type":"Report Builder","add_total_row":0,"disabled":0,"disable_prepared_report":0,"prepared_report":0,"json":{"filters":[],"fields":[["name","Sales Invoice"],["customer","Sales Invoice"],["grand_total","Sales Invoice"],["status","Sales Invoice"],["base_grand_total","Sales Invoice"],["outstanding_amount","Sales Invoice"],["currency","Sales Invoice"],["party_account_currency","Sales Invoice"]],"order_by":"`tabSales Invoice`.`modified` desc","add_totals_row":0,"page_length":20,"column_widths":{"name":120,"customer":120,"grand_total":120,"status":120,"base_grand_total":120,"outstanding_amount":120,"currency":120,"party_account_currency":120},"group_by":null},"doctype":"Report","roles":[{"name":"c51ga40naq","owner":"Administrator","creation":"2025-06-19 14:18:17.622481","modified":"2025-06-19 14:18:17.622481","modified_by":"Administrator","docstatus":0,"idx":1,"role":"Accounts Manager","parent":"Sales Invoice Report","parentfield":"roles","parenttype":"Report","doctype":"Has Role"},{"name":"c51gus5uuq","owner":"Administrator","creation":"2025-06-19 14:18:17.623202","modified":"2025-06-19 14:18:17.623202","modified_by":"Administrator","docstatus":0,"idx":2,"role":"Accounts User","parent":"Sales Invoice Report","parentfield":"roles","parenttype":"Report","doctype":"Has Role"}],"columns":[],"filters":[{"docstatus":0,"doctype":"Report Filter","name":"new-report-filter-oueipmiusp","__islocal":1,"__unsaved":1,"owner":"Administrator","fieldtype":"Data","mandatory":0,"wildcard_filter":0,"parent":"Sales Invoice Report","parentfield":"filters","parenttype":"Report","idx":1,"__unedited":false,"label":"Territory","fieldname":"territory"},{"docstatus":0,"doctype":"Report Filter","name":"new-report-filter-ukfnlocpjb","__islocal":1,"__unsaved":1,"owner":"Administrator","fieldtype":"Date","mandatory":0,"wildcard_filter":0,"parent":"Sales Invoice Report","parentfield":"filters","parenttype":"Report","idx":2,"__unedited":false,"label":"Date","fieldname":"posting_date"}],"__last_sync_on":"2025-06-19T08:48:19.092Z","__unsaved":1}', 'action': 'Save', 'cmd': 'frappe.desk.form.save.savedocs'}
2025-06-19 08:53:02,019 ERROR frappe New Exception collected with id: 2025-06-19 08:53:01.988370-127.0.0.1-c49
Site: mysite.localhost
Form Dict: {'doc': '{"name":"Sales Invoice Report","owner":"Administrator","creation":"2025-06-19 14:18:17.580936","modified":"2025-06-19 14:18:17.580936","modified_by":"Administrator","docstatus":0,"idx":0,"report_name":"Sales Invoice Report","ref_doctype":"Sales Invoice","is_standard":"Yes","module":"Accounts","report_type":"Report Builder","add_total_row":0,"disabled":0,"disable_prepared_report":0,"prepared_report":0,"json":{"filters":[],"fields":[["name","Sales Invoice"],["customer","Sales Invoice"],["grand_total","Sales Invoice"],["status","Sales Invoice"],["base_grand_total","Sales Invoice"],["outstanding_amount","Sales Invoice"],["currency","Sales Invoice"],["party_account_currency","Sales Invoice"]],"order_by":"`tabSales Invoice`.`modified` desc","add_totals_row":0,"page_length":20,"column_widths":{"name":120,"customer":120,"grand_total":120,"status":120,"base_grand_total":120,"outstanding_amount":120,"currency":120,"party_account_currency":120},"group_by":null},"doctype":"Report","roles":[{"name":"c51ga40naq","owner":"Administrator","creation":"2025-06-19 14:18:17.622481","modified":"2025-06-19 14:18:17.622481","modified_by":"Administrator","docstatus":0,"idx":1,"role":"Accounts Manager","parent":"Sales Invoice Report","parentfield":"roles","parenttype":"Report","doctype":"Has Role"},{"name":"c51gus5uuq","owner":"Administrator","creation":"2025-06-19 14:18:17.623202","modified":"2025-06-19 14:18:17.623202","modified_by":"Administrator","docstatus":0,"idx":2,"role":"Accounts User","parent":"Sales Invoice Report","parentfield":"roles","parenttype":"Report","doctype":"Has Role"}],"columns":[],"filters":[{"docstatus":0,"doctype":"Report Filter","name":"new-report-filter-oueipmiusp","__islocal":1,"__unsaved":1,"owner":"Administrator","fieldtype":"Data","mandatory":0,"wildcard_filter":0,"parent":"Sales Invoice Report","parentfield":"filters","parenttype":"Report","idx":1,"__unedited":false,"label":"Territory","fieldname":"territory"},{"docstatus":0,"doctype":"Report Filter","name":"new-report-filter-ukfnlocpjb","__islocal":1,"__unsaved":1,"owner":"Administrator","fieldtype":"Date","mandatory":0,"wildcard_filter":0,"parent":"Sales Invoice Report","parentfield":"filters","parenttype":"Report","idx":2,"__unedited":false,"label":"Date","fieldname":"posting_date"}],"__last_sync_on":"2025-06-19T08:48:19.092Z","__unsaved":1}', 'action': 'Save', 'cmd': 'frappe.desk.form.save.savedocs'}
2025-06-19 08:56:16,528 ERROR frappe New Exception collected with id: 2025-06-19 08:56:16.509422-127.0.0.1-23d
Site: mysite.localhost
Form Dict: {'doc': '{"name":"Sales Invoice Report","owner":"Administrator","creation":"2025-06-19 14:18:17.580936","modified":"2025-06-19 14:18:17.580936","modified_by":"Administrator","docstatus":0,"idx":0,"report_name":"Sales Invoice Report","ref_doctype":"Sales Invoice","is_standard":"Yes","module":"Accounts","report_type":"Report Builder","add_total_row":0,"disabled":0,"disable_prepared_report":0,"prepared_report":0,"json":{"filters":[],"fields":[["name","Sales Invoice"],["customer","Sales Invoice"],["grand_total","Sales Invoice"],["status","Sales Invoice"],["base_grand_total","Sales Invoice"],["outstanding_amount","Sales Invoice"],["currency","Sales Invoice"],["party_account_currency","Sales Invoice"]],"order_by":"`tabSales Invoice`.`modified` desc","add_totals_row":0,"page_length":20,"column_widths":{"name":120,"customer":120,"grand_total":120,"status":120,"base_grand_total":120,"outstanding_amount":120,"currency":120,"party_account_currency":120},"group_by":null},"doctype":"Report","roles":[{"name":"c51ga40naq","owner":"Administrator","creation":"2025-06-19 14:18:17.622481","modified":"2025-06-19 14:18:17.622481","modified_by":"Administrator","docstatus":0,"idx":1,"role":"Accounts Manager","parent":"Sales Invoice Report","parentfield":"roles","parenttype":"Report","doctype":"Has Role"},{"name":"c51gus5uuq","owner":"Administrator","creation":"2025-06-19 14:18:17.623202","modified":"2025-06-19 14:18:17.623202","modified_by":"Administrator","docstatus":0,"idx":2,"role":"Accounts User","parent":"Sales Invoice Report","parentfield":"roles","parenttype":"Report","doctype":"Has Role"}],"columns":[],"filters":[],"__last_sync_on":"2025-06-19T08:48:19.092Z","__unsaved":1}', 'action': 'Save', 'cmd': 'frappe.desk.form.save.savedocs'}
2025-06-20 07:25:50,370 ERROR frappe New Exception collected with id: 2025-06-20 07:25:49.023469-127.0.0.1-906
Site: mysite.localhost
Form Dict: {'report_name': 'Purchase Order Analysis', 'filters': '{"group_by_po":0,"company":"Magizh Solution","from_date":"2025-05-20","to_date":"2025-06-20"}', 'ignore_prepared_report': '1', 'cmd': 'frappe.desk.query_report.run'}
2025-06-20 07:33:29,341 ERROR frappe New Exception collected with id: 2025-06-20 07:33:29.202889-127.0.0.1-ad8
Site: mysite.localhost
Form Dict: {'report_name': 'Sales Report', 'filters': '{"from_date":"2025-05-20","to_date":"2025-06-20"}', 'ignore_prepared_report': 'false', 'are_default_filters': 'false', 'cmd': 'frappe.desk.query_report.run'}
2025-06-20 07:33:29,492 ERROR frappe New Exception collected with id: 2025-06-20 07:33:29.442157-127.0.0.1-72e
Site: mysite.localhost
Form Dict: {'report_name': 'Sales Report', 'filters': '{"from_date":"2025-05-20","to_date":"2025-06-20"}', 'ignore_prepared_report': 'false', 'are_default_filters': 'false', 'cmd': 'frappe.desk.query_report.run'}
2025-06-20 07:34:06,331 ERROR frappe New Exception collected with id: 2025-06-20 07:34:06.327258-127.0.0.1-ad8
Site: mysite.localhost
Form Dict: {'report_name': 'Sales Report', 'filters': '{"from_date":"2025-05-20","to_date":"2025-06-20"}', 'ignore_prepared_report': 'false', 'are_default_filters': 'false', 'cmd': 'frappe.desk.query_report.run'}
2025-06-20 07:34:06,338 ERROR frappe New Exception collected with id: 2025-06-20 07:34:06.107722-127.0.0.1-7db
Site: mysite.localhost
Form Dict: {'report_name': 'Sales Report', 'filters': '{"from_date":"2025-05-20","to_date":"2025-06-20"}', 'ignore_prepared_report': 'false', 'are_default_filters': 'false', 'cmd': 'frappe.desk.query_report.run'}
2025-06-21 07:57:42,835 ERROR frappe New Exception collected with id: 2025-06-21 07:57:42.614928-127.0.0.1-525
Site: mysite.localhost
Form Dict: {'report_name': 'Purchase Order Analysis', 'filters': '{"group_by_po":0,"company":"Magizh Solution","from_date":"2025-05-21","to_date":"2025-06-21"}', 'ignore_prepared_report': '1', 'cmd': 'frappe.desk.query_report.run'}
2025-06-21 14:36:59,844 ERROR frappe New Exception collected with id: 2025-06-21 14:36:59.002492-127.0.0.1-33c
Site: mysite.localhost
Form Dict: {'report_name': 'Purchase Order Analysis', 'filters': '{"group_by_po":0,"company":"Magizh Solution","from_date":"2025-05-21","to_date":"2025-06-21"}', 'ignore_prepared_report': '1', 'cmd': 'frappe.desk.query_report.run'}
2025-06-21 15:25:40,737 ERROR frappe Could not take error snapshot: characters_written
Site: mysite.localhost
Form Dict: {'city': 'Tiruppur', 'cmd': 'promotor.promotor.api_integration.fetch_weather_data'}
Traceback (most recent call last):
  File "/home/frapee-pugal/my-frappe-site/env/lib/python3.10/site-packages/urllib3/connectionpool.py", line 716, in urlopen
    httplib_response = self._make_request(
  File "/home/frapee-pugal/my-frappe-site/env/lib/python3.10/site-packages/urllib3/connectionpool.py", line 468, in _make_request
    six.raise_from(e, None)
  File "<string>", line 3, in raise_from
  File "/home/frapee-pugal/my-frappe-site/env/lib/python3.10/site-packages/urllib3/connectionpool.py", line 463, in _make_request
    httplib_response = conn.getresponse()
  File "/usr/lib/python3.10/http/client.py", line 1375, in getresponse
    response.begin()
  File "/usr/lib/python3.10/http/client.py", line 318, in begin
    version, status, reason = self._read_status()
  File "/usr/lib/python3.10/http/client.py", line 287, in _read_status
    raise RemoteDisconnected("Remote end closed connection without"
http.client.RemoteDisconnected: Remote end closed connection without response

During handling of the above exception, another exception occurred:

Traceback (most recent call last):
  File "/home/frapee-pugal/my-frappe-site/env/lib/python3.10/site-packages/requests/adapters.py", line 667, in send
    resp = conn.urlopen(
  File "/home/frapee-pugal/my-frappe-site/env/lib/python3.10/site-packages/urllib3/connectionpool.py", line 802, in urlopen
    retries = retries.increment(
  File "/home/frapee-pugal/my-frappe-site/env/lib/python3.10/site-packages/urllib3/util/retry.py", line 552, in increment
    raise six.reraise(type(error), error, _stacktrace)
  File "/home/frapee-pugal/my-frappe-site/env/lib/python3.10/site-packages/urllib3/packages/six.py", line 769, in reraise
    raise value.with_traceback(tb)
  File "/home/frapee-pugal/my-frappe-site/env/lib/python3.10/site-packages/urllib3/connectionpool.py", line 716, in urlopen
    httplib_response = self._make_request(
  File "/home/frapee-pugal/my-frappe-site/env/lib/python3.10/site-packages/urllib3/connectionpool.py", line 468, in _make_request
    six.raise_from(e, None)
  File "<string>", line 3, in raise_from
  File "/home/frapee-pugal/my-frappe-site/env/lib/python3.10/site-packages/urllib3/connectionpool.py", line 463, in _make_request
    httplib_response = conn.getresponse()
  File "/usr/lib/python3.10/http/client.py", line 1375, in getresponse
    response.begin()
  File "/usr/lib/python3.10/http/client.py", line 318, in begin
    version, status, reason = self._read_status()
  File "/usr/lib/python3.10/http/client.py", line 287, in _read_status
    raise RemoteDisconnected("Remote end closed connection without"
urllib3.exceptions.ProtocolError: ('Connection aborted.', RemoteDisconnected('Remote end closed connection without response'))

During handling of the above exception, another exception occurred:

Traceback (most recent call last):
  File "/home/frapee-pugal/my-frappe-site/apps/frappe/frappe/app.py", line 97, in application
    response = frappe.api.handle()
  File "/home/frapee-pugal/my-frappe-site/apps/frappe/frappe/api.py", line 55, in handle
    return frappe.handler.handle()
  File "/home/frapee-pugal/my-frappe-site/apps/frappe/frappe/handler.py", line 48, in handle
    data = execute_cmd(cmd)
  File "/home/frapee-pugal/my-frappe-site/apps/frappe/frappe/handler.py", line 86, in execute_cmd
    return frappe.call(method, **frappe.form_dict)
  File "/home/frapee-pugal/my-frappe-site/apps/frappe/frappe/__init__.py", line 1619, in call
    return fn(*args, **newargs)
  File "/home/frapee-pugal/my-frappe-site/apps/promotor/promotor/promotor/api_integration.py", line 9, in fetch_weather_data
    response = requests.get(url)
  File "/home/frapee-pugal/my-frappe-site/env/lib/python3.10/site-packages/requests/api.py", line 73, in get
    return request("get", url, params=params, **kwargs)
  File "/home/frapee-pugal/my-frappe-site/env/lib/python3.10/site-packages/requests/api.py", line 59, in request
    return session.request(method=method, url=url, **kwargs)
  File "/home/frapee-pugal/my-frappe-site/env/lib/python3.10/site-packages/requests/sessions.py", line 589, in request
    resp = self.send(prep, **send_kwargs)
  File "/home/frapee-pugal/my-frappe-site/env/lib/python3.10/site-packages/requests/sessions.py", line 703, in send
    r = adapter.send(request, **kwargs)
  File "/home/frapee-pugal/my-frappe-site/env/lib/python3.10/site-packages/requests/adapters.py", line 682, in send
    raise ConnectionError(err, request=request)
requests.exceptions.ConnectionError: ('Connection aborted.', RemoteDisconnected('Remote end closed connection without response'))

During handling of the above exception, another exception occurred:

Traceback (most recent call last):
  File "/home/frapee-pugal/my-frappe-site/apps/frappe/frappe/utils/error.py", line 60, in make_error_snapshot
    snapshot = get_snapshot(exception)
  File "/home/frapee-pugal/my-frappe-site/apps/frappe/frappe/utils/error.py", line 153, in get_snapshot
    value = pydoc.text.repr(getattr(evalue, name))
AttributeError: characters_written
2025-06-22 04:32:31,615 ERROR frappe New Exception collected with id: 2025-06-22 04:32:30.972831-127.0.0.1-775
Site: mysite.localhost
Form Dict: {'report_name': 'Purchase Order Analysis', 'filters': '{"group_by_po":0,"company":"Magizh Solution","from_date":"2025-05-22","to_date":"2025-06-22"}', 'ignore_prepared_report': '1', 'cmd': 'frappe.desk.query_report.run'}
2025-06-22 07:16:22,489 ERROR frappe New Exception collected with id: 2025-06-22 07:16:22.351704-127.0.0.1-c57
Site: mysite.localhost
Form Dict: {'method': 'promotor.promotor.bulk_convertion.make_bulk_convertion', 'source_name': 'CRM-LEAD-2025-00001', 'args': '', 'selected_children': '{}', 'cmd': 'frappe.model.mapper.make_mapped_doc'}
2025-06-22 09:41:30,229 ERROR frappe New Exception collected with id: 2025-06-22 09:41:29.898574-127.0.0.1-970
Site: mysite.localhost
Form Dict: {'report_name': 'Sales Report', 'filters': '{"from_date":"2025-05-22","to_date":"2025-06-22"}', 'ignore_prepared_report': 'false', 'are_default_filters': 'false', 'cmd': 'frappe.desk.query_report.run'}
2025-06-22 09:41:30,280 ERROR frappe New Exception collected with id: 2025-06-22 09:41:29.907339-127.0.0.1-855
Site: mysite.localhost
Form Dict: {'report_name': 'Sales Report', 'filters': '{"from_date":"2025-05-22","to_date":"2025-06-22"}', 'ignore_prepared_report': 'false', 'are_default_filters': 'false', 'cmd': 'frappe.desk.query_report.run'}
2025-06-22 09:41:50,927 ERROR frappe New Exception collected with id: 2025-06-22 09:41:50.079112-127.0.0.1-64e
Site: mysite.localhost
Form Dict: {'report_name': 'Sales Report', 'filters': '{"from_date":"2025-05-22","to_date":"2025-06-22"}', 'ignore_prepared_report': 'false', 'are_default_filters': 'false', 'cmd': 'frappe.desk.query_report.run'}
2025-06-22 09:41:50,939 ERROR frappe New Exception collected with id: 2025-06-22 09:41:50.548476-127.0.0.1-e3f
Site: mysite.localhost
Form Dict: {'report_name': 'Sales Report', 'filters': '{"from_date":"2025-05-22","to_date":"2025-06-22"}', 'ignore_prepared_report': 'false', 'are_default_filters': 'false', 'cmd': 'frappe.desk.query_report.run'}
2025-06-22 09:42:37,255 ERROR frappe New Exception collected with id: 2025-06-22 09:42:37.041632-127.0.0.1-a24
Site: mysite.localhost
Form Dict: {'report_name': 'Sales Report', 'filters': '{"from_date":"2025-05-22","to_date":"2025-06-22"}', 'ignore_prepared_report': 'false', 'are_default_filters': 'false', 'cmd': 'frappe.desk.query_report.run'}
2025-06-22 09:42:37,377 ERROR frappe New Exception collected with id: 2025-06-22 09:42:37.368051-127.0.0.1-32b
Site: mysite.localhost
Form Dict: {'report_name': 'Sales Report', 'filters': '{"from_date":"2025-05-22","to_date":"2025-06-22"}', 'ignore_prepared_report': 'false', 'are_default_filters': 'false', 'cmd': 'frappe.desk.query_report.run'}
2025-06-22 09:44:20,695 ERROR frappe New Exception collected with id: 2025-06-22 09:44:20.043602-127.0.0.1-205
Site: mysite.localhost
Form Dict: {'report_name': 'Sales Report', 'filters': '{"from_date":"2025-05-22","to_date":"2025-06-22"}', 'ignore_prepared_report': 'false', 'are_default_filters': 'false', 'cmd': 'frappe.desk.query_report.run'}
2025-06-22 09:44:20,712 ERROR frappe New Exception collected with id: 2025-06-22 09:44:20.041681-127.0.0.1-bfb
Site: mysite.localhost
Form Dict: {'report_name': 'Sales Report', 'filters': '{"from_date":"2025-05-22","to_date":"2025-06-22"}', 'ignore_prepared_report': 'false', 'are_default_filters': 'false', 'cmd': 'frappe.desk.query_report.run'}
2025-06-22 09:44:48,091 ERROR frappe New Exception collected with id: 2025-06-22 09:44:47.815277-127.0.0.1-198
Site: mysite.localhost
Form Dict: {'report_name': 'Sales Report', 'filters': '{"from_date":"2025-05-22","to_date":"2025-06-22"}', 'ignore_prepared_report': 'false', 'are_default_filters': 'false', 'cmd': 'frappe.desk.query_report.run'}
2025-06-22 09:44:48,136 ERROR frappe New Exception collected with id: 2025-06-22 09:44:47.505897-127.0.0.1-755
Site: mysite.localhost
Form Dict: {'report_name': 'Sales Report', 'filters': '{"from_date":"2025-05-22","to_date":"2025-06-22"}', 'ignore_prepared_report': 'false', 'are_default_filters': 'false', 'cmd': 'frappe.desk.query_report.run'}
2025-06-23 08:04:06,402 ERROR frappe New Exception collected with id: 2025-06-23 08:04:06.131073-127.0.0.1-3f6
Site: mysite.localhost
Form Dict: {'report_name': 'Purchase Order Analysis', 'filters': '{"group_by_po":0,"company":"Magizh Solution","from_date":"2025-05-23","to_date":"2025-06-23"}', 'ignore_prepared_report': '1', 'cmd': 'frappe.desk.query_report.run'}
2025-06-23 08:09:51,981 ERROR frappe New Exception collected with id: 2025-06-23 08:09:51.946307-127.0.0.1-fe9
Site: mysite.localhost
Form Dict: {'report_name': 'Purchase Order Analysis', 'filters': '{"group_by_po":0,"company":"Magizh Solution","from_date":"2025-05-23","to_date":"2025-06-23"}', 'ignore_prepared_report': '1', 'cmd': 'frappe.desk.query_report.run'}
2025-06-26 04:40:55,703 ERROR frappe New Exception collected with id: 2025-06-26 04:40:55.194413-127.0.0.1-0f5
Site: mysite.localhost
Form Dict: {'report_name': 'Purchase Order Analysis', 'filters': '{"group_by_po":0,"company":"Magizh Solution","from_date":"2025-05-26","to_date":"2025-06-26"}', 'ignore_prepared_report': '1', 'cmd': 'frappe.desk.query_report.run'}
2025-06-26 05:12:37,523 ERROR frappe New Exception collected with id: 2025-06-26 05:12:37.343296-127.0.0.1-a82
Site: mysite.localhost
Form Dict: {'doc': '{"name":"Lead","owner":"Administrator","creation":"2025-06-21 15:58:46.788691","modified":"2025-06-21 16:25:32.798561","modified_by":"Administrator","docstatus":0,"idx":0,"dt":"Lead","view":"Form","enabled":1,"script":"frappe.ui.form.on(\'Lead\', {\\n\\n\\tvalidate:function(frm){\\n\\t    var phone = frm.doc.phone;\\n\\t    if (phone){\\n\\t        if (phone.length > 15 ){\\n\\t            frappe.msgprint(\\"Phone number should not be more than 15 characters\\");\\n\\t            frappe.validated = false;\\n\\t        } \\n\\t        else if (!phone.startsWith(\'+91\')){\\n\\t            frappe.msgprint(\\"Phone number should start with a country code (e.g., +91)s\\");\\n\\t            frappe.validated = false;\\n\\t        }\\n\\t    }\\n\\t    },\\n\\t    refresh:function(){\\n\\t        frm.add_custom_button(__(\'Send Email\'), function() {\\n                frappe.call({\\n\\t\\t\\t\\t\\tmethod:\\"send_email\\",\\n\\t\\t\\t\\t\\tdoc: frm.doc,\\n\\t\\t\\t\\t\\tcallback:function(r){\\n\\t\\t\\t\\t\\t\\tif (r.message){\\n\\t\\t\\t\\t\\t\\t\\tconsole.log(r.message.content);\\n\\t\\t\\t\\t\\t\\t}\\n\\t\\t\\t\\t\\t}\\n\\t\\t\\t\\t})\\n            });\\n\\t    }\\n\\t\\n})","doctype":"Client Script","__last_sync_on":"2025-06-26T05:09:18.642Z","__unsaved":1}', 'action': 'Save', 'cmd': 'frappe.desk.form.save.savedocs'}
2025-06-26 05:12:45,415 ERROR frappe New Exception collected with id: 2025-06-26 05:12:45.356916-127.0.0.1-c95
Site: mysite.localhost
Form Dict: {'doc': '{"name":"Lead","owner":"Administrator","creation":"2025-06-21 15:58:46.788691","modified":"2025-06-21 16:25:32.798561","modified_by":"Administrator","docstatus":0,"idx":0,"dt":"Lead","view":"Form","enabled":1,"script":"frappe.ui.form.on(\'Lead\', {\\n\\n\\tvalidate:function(frm){\\n\\t    var phone = frm.doc.phone;\\n\\t    if (phone){\\n\\t        if (phone.length > 15 ){\\n\\t            frappe.msgprint(\\"Phone number should not be more than 15 characters\\");\\n\\t            frappe.validated = false;\\n\\t        } \\n\\t        else if (!phone.startsWith(\'+91\')){\\n\\t            frappe.msgprint(\\"Phone number should start with a country code (e.g., +91)s\\");\\n\\t            frappe.validated = false;\\n\\t        }\\n\\t    }\\n\\t    },\\n\\t    refresh:function(){\\n\\t        frm.add_custom_button(__(\'Send Email\'), function() {\\n                frappe.call({\\n\\t\\t\\t\\t\\tmethod:\\"send_email\\",\\n\\t\\t\\t\\t\\tdoc: frm.doc,\\n\\t\\t\\t\\t\\tcallback:function(r){\\n\\t\\t\\t\\t\\t\\tif (r.message){\\n\\t\\t\\t\\t\\t\\t\\tconsole.log(r.message.content);\\n\\t\\t\\t\\t\\t\\t}\\n\\t\\t\\t\\t\\t}\\n\\t\\t\\t\\t})\\n            });\\n\\t    }\\n\\t\\n})","doctype":"Client Script","__last_sync_on":"2025-06-26T05:09:18.642Z","__unsaved":1}', 'action': 'Save', 'cmd': 'frappe.desk.form.save.savedocs'}
2025-06-26 05:14:46,956 ERROR frappe New Exception collected with id: 2025-06-26 05:14:46.794378-127.0.0.1-fad
Site: mysite.localhost
Form Dict: {'doctype': 'Client Script', 'name': 'Lead', 'cmd': 'frappe.desk.form.load.getdoc'}
2025-06-26 05:15:33,978 ERROR frappe New Exception collected with id: 2025-06-26 05:15:33.848887-127.0.0.1-e12
Site: mysite.localhost
Form Dict: {'doctype': 'Client Script', 'name': 'Lead', 'cmd': 'frappe.desk.form.load.getdoc'}
2025-06-26 05:16:07,794 ERROR frappe New Exception collected with id: 2025-06-26 05:16:07.366178-127.0.0.1-f0b
Site: mysite.localhost
Form Dict: {'doctype': 'Client Script', 'name': 'Lead', 'cmd': 'frappe.desk.form.load.getdoc'}
